../Core/Src/main.c:94:5:main	24	static
../Core/Src/main.c:164:6:SystemClock_Config	88	static
../Core/Src/main.c:215:13:MX_ADC1_Init	24	static
../Core/Src/main.c:267:13:MX_I2C1_Init	8	static
../Core/Src/main.c:301:13:MX_I2S3_Init	8	static
../Core/Src/main.c:335:13:MX_SPI2_Init	8	static
../Core/Src/main.c:373:13:MX_TIM2_Init	32	static
../Core/Src/main.c:418:13:MX_TIM3_Init	32	static
../Core/Src/main.c:463:13:MX_TIM4_Init	32	static
../Core/Src/main.c:506:13:MX_DMA_Init	16	static
../Core/Src/main.c:528:13:MX_GPIO_Init	40	static
../Core/Src/main.c:585:6:Error_Handler	4	static,ignoring_inline_asm
