../Core/Src/main.c:91:5:main	24	static
../Core/Src/main.c:159:6:SystemClock_Config	88	static
../Core/Src/main.c:210:13:MX_ADC1_Init	24	static
../Core/Src/main.c:262:13:MX_I2C1_Init	8	static
../Core/Src/main.c:296:13:MX_I2S3_Init	8	static
../Core/Src/main.c:330:13:MX_SPI2_Init	8	static
../Core/Src/main.c:368:13:MX_TIM2_Init	32	static
../Core/Src/main.c:413:13:MX_TIM3_Init	32	static
../Core/Src/main.c:458:13:MX_TIM4_Init	32	static
../Core/Src/main.c:501:13:MX_DMA_Init	16	static
../Core/Src/main.c:519:13:MX_GPIO_Init	40	static
../Core/Src/main.c:576:6:Error_Handler	4	static,ignoring_inline_asm
