../Core/Src/stm32f4xx_it.c:103:6:NMI_Handler	4	static
../Core/Src/stm32f4xx_it.c:118:6:HardFault_Handler	4	static
../Core/Src/stm32f4xx_it.c:133:6:MemManage_Handler	4	static
../Core/Src/stm32f4xx_it.c:148:6:BusFault_Handler	4	static
../Core/Src/stm32f4xx_it.c:163:6:UsageFault_Handler	4	static
../Core/Src/stm32f4xx_it.c:178:6:SVC_Handler	4	static
../Core/Src/stm32f4xx_it.c:191:6:DebugMon_Handler	4	static
../Core/Src/stm32f4xx_it.c:204:6:PendSV_Handler	4	static
../Core/Src/stm32f4xx_it.c:217:6:SysTick_Handler	8	static
../Core/Src/stm32f4xx_it.c:238:6:EXTI1_IRQHandler	8	static
../Core/Src/stm32f4xx_it.c:254:6:DMA1_Stream0_IRQHandler	8	static
../Core/Src/stm32f4xx_it.c:268:6:TIM2_IRQHandler	8	static
../Core/Src/stm32f4xx_it.c:392:6:TIM3_IRQHandler	24	static
../Core/Src/stm32f4xx_it.c:431:6:TIM4_IRQHandler	8	static
../Core/Src/stm32f4xx_it.c:447:6:Check_Trie_Root	16	static
../Core/Src/stm32f4xx_it.c:455:9:Read_Click_Status	16	static
../Core/Src/stm32f4xx_it.c:461:6:HAL_I2S_RxHalfCpltCallback	16	static
../Core/Src/stm32f4xx_it.c:466:6:HAL_I2S_RxCpltCallback	16	static
