../Core/Src/stm32f4xx_it.c:108:6:NMI_Handler	4	static
../Core/Src/stm32f4xx_it.c:123:6:HardFault_Handler	4	static
../Core/Src/stm32f4xx_it.c:138:6:MemManage_Handler	4	static
../Core/Src/stm32f4xx_it.c:153:6:BusFault_Handler	4	static
../Core/Src/stm32f4xx_it.c:168:6:UsageFault_Handler	4	static
../Core/Src/stm32f4xx_it.c:183:6:SVC_Handler	4	static
../Core/Src/stm32f4xx_it.c:196:6:DebugMon_Handler	4	static
../Core/Src/stm32f4xx_it.c:209:6:PendSV_Handler	4	static
../Core/Src/stm32f4xx_it.c:222:6:SysTick_Handler	8	static
../Core/Src/stm32f4xx_it.c:243:6:EXTI1_IRQHandler	8	static
../Core/Src/stm32f4xx_it.c:259:6:DMA1_Stream0_IRQHandler	8	static
../Core/Src/stm32f4xx_it.c:273:6:TIM2_IRQHandler	8	static
../Core/Src/stm32f4xx_it.c:403:6:TIM3_IRQHandler	24	static
../Core/Src/stm32f4xx_it.c:442:6:TIM4_IRQHandler	8	static
../Core/Src/stm32f4xx_it.c:460:6:DMA2_Stream0_IRQHandler	8	static
../Core/Src/stm32f4xx_it.c:472:6:Check_Trie_Root	16	static
../Core/Src/stm32f4xx_it.c:480:9:Read_Click_Status	16	static
../Core/Src/stm32f4xx_it.c:486:6:HAL_I2S_RxHalfCpltCallback	16	static
../Core/Src/stm32f4xx_it.c:491:6:HAL_I2S_RxCpltCallback	16	static
