../Drivers/STM32F3xx_HAL_Driver/Src/stm32f3xx_hal_i2s.c:2077:26:I2S_WaitFlagStateUntilTimeout	24	static
../Drivers/STM32F3xx_HAL_Driver/Src/stm32f3xx_hal_i2s.c:565:13:HAL_I2S_MspInit	0	static
../Drivers/STM32F3xx_HAL_Driver/Src/stm32f3xx_hal_i2s.c:266:19:HAL_I2S_Init	80	static
../Drivers/STM32F3xx_HAL_Driver/Src/stm32f3xx_hal_i2s.c:581:13:HAL_I2S_MspDeInit	0	static
../Drivers/STM32F3xx_HAL_Driver/Src/stm32f3xx_hal_i2s.c:521:19:HAL_I2S_DeInit	8	static
../Drivers/STM32F3xx_HAL_Driver/Src/stm32f3xx_hal_i2s.c:868:19:HAL_I2S_Transmit	32	static
../Drivers/STM32F3xx_HAL_Driver/Src/stm32f3xx_hal_i2s.c:986:19:HAL_I2S_Receive	24	static
../Drivers/STM32F3xx_HAL_Driver/Src/stm32f3xx_hal_i2s.c:1083:19:HAL_I2S_Transmit_IT	8	static
../Drivers/STM32F3xx_HAL_Driver/Src/stm32f3xx_hal_i2s.c:1149:19:HAL_I2S_Receive_IT	8	static
../Drivers/STM32F3xx_HAL_Driver/Src/stm32f3xx_hal_i2s.c:1213:19:HAL_I2S_Transmit_DMA	16	static
../Drivers/STM32F3xx_HAL_Driver/Src/stm32f3xx_hal_i2s.c:1304:19:HAL_I2S_Receive_DMA	24	static
../Drivers/STM32F3xx_HAL_Driver/Src/stm32f3xx_hal_i2s.c:1393:19:HAL_I2S_DMAPause	0	static
../Drivers/STM32F3xx_HAL_Driver/Src/stm32f3xx_hal_i2s.c:1433:19:HAL_I2S_DMAResume	0	static
../Drivers/STM32F3xx_HAL_Driver/Src/stm32f3xx_hal_i2s.c:1487:19:HAL_I2S_DMAStop	40	static
../Drivers/STM32F3xx_HAL_Driver/Src/stm32f3xx_hal_i2s.c:1685:6:HAL_I2S_IRQHandler	0	static
../Drivers/STM32F3xx_HAL_Driver/Src/stm32f3xx_hal_i2s.c:1697:13:HAL_I2S_TxHalfCpltCallback	0	static
../Drivers/STM32F3xx_HAL_Driver/Src/stm32f3xx_hal_i2s.c:1855:13:I2S_DMATxHalfCplt	8	static
../Drivers/STM32F3xx_HAL_Driver/Src/stm32f3xx_hal_i2s.c:1713:13:HAL_I2S_TxCpltCallback	0	static
../Drivers/STM32F3xx_HAL_Driver/Src/stm32f3xx_hal_i2s.c:1828:13:I2S_DMATxCplt	8	static
../Drivers/STM32F3xx_HAL_Driver/Src/stm32f3xx_hal_i2s.c:1729:13:HAL_I2S_RxHalfCpltCallback	0	static
../Drivers/STM32F3xx_HAL_Driver/Src/stm32f3xx_hal_i2s.c:1899:13:I2S_DMARxHalfCplt	8	static
../Drivers/STM32F3xx_HAL_Driver/Src/stm32f3xx_hal_i2s.c:1745:13:HAL_I2S_RxCpltCallback	0	static
../Drivers/STM32F3xx_HAL_Driver/Src/stm32f3xx_hal_i2s.c:1873:13:I2S_DMARxCplt	8	static
../Drivers/STM32F3xx_HAL_Driver/Src/stm32f3xx_hal_i2s.c:1761:13:HAL_I2S_ErrorCallback	0	static
../Drivers/STM32F3xx_HAL_Driver/Src/stm32f3xx_hal_i2s.c:2000:13:I2S_IRQHandler	24	static
../Drivers/STM32F3xx_HAL_Driver/Src/stm32f3xx_hal_i2s.c:1917:13:I2S_DMAError	8	static
../Drivers/STM32F3xx_HAL_Driver/Src/stm32f3xx_hal_i2s.c:1796:22:HAL_I2S_GetState	0	static
../Drivers/STM32F3xx_HAL_Driver/Src/stm32f3xx_hal_i2s.c:1807:10:HAL_I2S_GetError	0	static
