../Drivers/CMSIS/Include/core_cm4.h:2064:26:ITM_SendChar	16	static,ignoring_inline_asm
../Core/Src/main.c:98:5:_write	32	static
../Core/Src/main.c:106:6:HAL_I2S_RxHalfCpltCallback	16	static
../Core/Src/main.c:114:6:HAL_I2S_RxCpltCallback	16	static
../Core/Src/main.c:123:6:Process_Data	16	static
../Core/Src/main.c:155:5:main	16	static
../Core/Src/main.c:311:6:SystemClock_Config	72	static
../Core/Src/main.c:348:13:MX_I2S2_Init	8	static
../Core/Src/main.c:380:13:MX_DMA_Init	16	static
../Core/Src/main.c:398:13:MX_GPIO_Init	24	static
../Core/Src/main.c:420:6:Error_Handler	4	static,ignoring_inline_asm
