../Drivers/CMSIS/Include/core_cm4.h:2064:26:ITM_SendChar	16	static,ignoring_inline_asm
../Core/Src/main.c:91:5:_write	32	static
../Core/Src/main.c:99:6:HAL_I2S_RxHalfCpltCallback	16	static
../Core/Src/main.c:107:6:HAL_I2S_RxCpltCallback	16	static
../Core/Src/main.c:116:6:Process_Data	16	static
../Core/Src/main.c:136:5:main	16	static
../Core/Src/main.c:240:6:SystemClock_Config	72	static
../Core/Src/main.c:277:13:MX_I2S2_Init	8	static
../Core/Src/main.c:309:13:MX_DMA_Init	16	static
../Core/Src/main.c:327:13:MX_GPIO_Init	24	static
../Core/Src/main.c:349:6:Error_Handler	4	static,ignoring_inline_asm
