../Core/Src/main.c:91:5:main	24	static
../Core/Src/main.c:158:6:SystemClock_Config	120	static
../Core/Src/main.c:204:13:MX_I2C1_Init	8	static
../Core/Src/main.c:252:13:MX_I2S3_Init	8	static
../Core/Src/main.c:286:13:MX_SPI2_Init	8	static
../Core/Src/main.c:326:13:MX_TIM2_Init	40	static
../Core/Src/main.c:371:13:MX_TIM6_Init	24	static
../Core/Src/main.c:409:13:MX_TIM16_Init	8	static
../Core/Src/main.c:439:13:MX_DMA_Init	16	static
../Core/Src/main.c:457:13:MX_GPIO_Init	40	static
../Core/Src/main.c:512:6:Error_Handler	4	static,ignoring_inline_asm
