../Core/Src/main.c:89:5:main	24	static
../Core/Src/main.c:152:6:SystemClock_Config	120	static
../Core/Src/main.c:197:13:MX_I2C1_Init	8	static
../Core/Src/main.c:245:13:MX_I2S3_Init	8	static
../Core/Src/main.c:279:13:MX_SPI2_Init	8	static
../Core/Src/main.c:319:13:MX_TIM2_Init	40	static
../Core/Src/main.c:364:13:MX_TIM6_Init	24	static
../Core/Src/main.c:400:13:MX_DMA_Init	16	static
../Core/Src/main.c:418:13:MX_GPIO_Init	40	static
../Core/Src/main.c:473:6:Error_Handler	4	static,ignoring_inline_asm
