../Core/Src/stm32f3xx_it.c:101:6:NMI_Handler	4	static
../Core/Src/stm32f3xx_it.c:116:6:HardFault_Handler	4	static
../Core/Src/stm32f3xx_it.c:131:6:MemManage_Handler	4	static
../Core/Src/stm32f3xx_it.c:146:6:BusFault_Handler	4	static
../Core/Src/stm32f3xx_it.c:161:6:UsageFault_Handler	4	static
../Core/Src/stm32f3xx_it.c:176:6:SVC_Handler	4	static
../Core/Src/stm32f3xx_it.c:189:6:DebugMon_Handler	4	static
../Core/Src/stm32f3xx_it.c:202:6:PendSV_Handler	4	static
../Core/Src/stm32f3xx_it.c:215:6:SysTick_Handler	8	static
../Core/Src/stm32f3xx_it.c:236:6:EXTI1_IRQHandler	8	static
../Core/Src/stm32f3xx_it.c:253:6:DMA1_Channel2_IRQHandler	8	static
../Core/Src/stm32f3xx_it.c:267:6:TIM2_IRQHandler	8	static
../Core/Src/stm32f3xx_it.c:363:6:TIM6_DAC_IRQHandler	24	static
../Core/Src/stm32f3xx_it.c:400:6:Check_Trie_Root	16	static
../Core/Src/stm32f3xx_it.c:408:9:Read_Click_Status	16	static
../Core/Src/stm32f3xx_it.c:414:6:HAL_I2S_RxHalfCpltCallback	16	static
../Core/Src/stm32f3xx_it.c:419:6:HAL_I2S_RxCpltCallback	16	static
