../Core/Src/stm32f3xx_it.c:83:6:NMI_Handler	4	static
../Core/Src/stm32f3xx_it.c:98:6:HardFault_Handler	4	static
../Core/Src/stm32f3xx_it.c:113:6:MemManage_Handler	4	static
../Core/Src/stm32f3xx_it.c:128:6:BusFault_Handler	4	static
../Core/Src/stm32f3xx_it.c:143:6:UsageFault_Handler	4	static
../Core/Src/stm32f3xx_it.c:158:6:SVC_Handler	4	static
../Core/Src/stm32f3xx_it.c:171:6:DebugMon_Handler	4	static
../Core/Src/stm32f3xx_it.c:184:6:PendSV_Handler	4	static
../Core/Src/stm32f3xx_it.c:197:6:SysTick_Handler	8	static
../Core/Src/stm32f3xx_it.c:218:6:EXTI1_IRQHandler	8	static
../Core/Src/stm32f3xx_it.c:235:6:DMA1_Channel1_IRQHandler	8	static
../Core/Src/stm32f3xx_it.c:249:6:TIM2_IRQHandler	8	static
../Core/Src/stm32f3xx_it.c:345:6:TIM6_DAC_IRQHandler	16	static
../Core/Src/stm32f3xx_it.c:372:6:Check_Trie_Root	16	static
../Core/Src/stm32f3xx_it.c:380:6:HAL_ADC_ConvCpltCallback	16	static
