../Core/Src/main.c:155:6:HAL_ADC_ConvCpltCallback	16	static
../Core/Src/main.c:170:6:HAL_TIM_PeriodElapsedCallback	72	static
../Core/Src/main.c:288:5:main	8	static
../Core/Src/main.c:352:6:SystemClock_Config	120	static
../Core/Src/main.c:399:13:MX_ADC1_Init	32	static
../Core/Src/main.c:456:13:MX_TIM2_Init	40	static
../Core/Src/main.c:501:13:MX_USART2_UART_Init	8	static
../Core/Src/main.c:534:13:MX_DMA_Init	16	static
../Core/Src/main.c:552:13:MX_GPIO_Init	16	static
../Core/Src/main.c:572:6:Error_Handler	4	static,ignoring_inline_asm
