Archive member included to satisfy reference by file (symbol)

C:/ST/STM32CubeIDE_1.16.0/STM32CubeIDE/plugins/com.st.stm32cube.ide.mcu.externaltools.gnu-tools-for-stm32.12.3.rel1.win32_1.0.200.202406191623/tools/bin/../lib/gcc/arm-none-eabi/12.3.1/../../../../arm-none-eabi/lib/thumb/v7e-m+fp/hard\libc_nano.a(libc_a-calloc.o)
                              ./Core/Src/code_tree.o (calloc)
C:/ST/STM32CubeIDE_1.16.0/STM32CubeIDE/plugins/com.st.stm32cube.ide.mcu.externaltools.gnu-tools-for-stm32.12.3.rel1.win32_1.0.200.202406191623/tools/bin/../lib/gcc/arm-none-eabi/12.3.1/../../../../arm-none-eabi/lib/thumb/v7e-m+fp/hard\libc_nano.a(libc_a-callocr.o)
                              C:/ST/STM32CubeIDE_1.16.0/STM32CubeIDE/plugins/com.st.stm32cube.ide.mcu.externaltools.gnu-tools-for-stm32.12.3.rel1.win32_1.0.200.202406191623/tools/bin/../lib/gcc/arm-none-eabi/12.3.1/../../../../arm-none-eabi/lib/thumb/v7e-m+fp/hard\libc_nano.a(libc_a-calloc.o) (_calloc_r)
C:/ST/STM32CubeIDE_1.16.0/STM32CubeIDE/plugins/com.st.stm32cube.ide.mcu.externaltools.gnu-tools-for-stm32.12.3.rel1.win32_1.0.200.202406191623/tools/bin/../lib/gcc/arm-none-eabi/12.3.1/../../../../arm-none-eabi/lib/thumb/v7e-m+fp/hard\libc_nano.a(libc_a-exit.o)
                              C:/ST/STM32CubeIDE_1.16.0/STM32CubeIDE/plugins/com.st.stm32cube.ide.mcu.externaltools.gnu-tools-for-stm32.12.3.rel1.win32_1.0.200.202406191623/tools/bin/../lib/gcc/arm-none-eabi/12.3.1/../../../../arm-none-eabi/lib/thumb/v7e-m+fp/hard/crt0.o (exit)
C:/ST/STM32CubeIDE_1.16.0/STM32CubeIDE/plugins/com.st.stm32cube.ide.mcu.externaltools.gnu-tools-for-stm32.12.3.rel1.win32_1.0.200.202406191623/tools/bin/../lib/gcc/arm-none-eabi/12.3.1/../../../../arm-none-eabi/lib/thumb/v7e-m+fp/hard\libc_nano.a(libc_a-malloc.o)
                              ./Core/Src/ILI9341.o (malloc)
C:/ST/STM32CubeIDE_1.16.0/STM32CubeIDE/plugins/com.st.stm32cube.ide.mcu.externaltools.gnu-tools-for-stm32.12.3.rel1.win32_1.0.200.202406191623/tools/bin/../lib/gcc/arm-none-eabi/12.3.1/../../../../arm-none-eabi/lib/thumb/v7e-m+fp/hard\libc_nano.a(libc_a-mallocr.o)
                              C:/ST/STM32CubeIDE_1.16.0/STM32CubeIDE/plugins/com.st.stm32cube.ide.mcu.externaltools.gnu-tools-for-stm32.12.3.rel1.win32_1.0.200.202406191623/tools/bin/../lib/gcc/arm-none-eabi/12.3.1/../../../../arm-none-eabi/lib/thumb/v7e-m+fp/hard\libc_nano.a(libc_a-callocr.o) (_malloc_r)
C:/ST/STM32CubeIDE_1.16.0/STM32CubeIDE/plugins/com.st.stm32cube.ide.mcu.externaltools.gnu-tools-for-stm32.12.3.rel1.win32_1.0.200.202406191623/tools/bin/../lib/gcc/arm-none-eabi/12.3.1/../../../../arm-none-eabi/lib/thumb/v7e-m+fp/hard\libc_nano.a(libc_a-mlock.o)
                              C:/ST/STM32CubeIDE_1.16.0/STM32CubeIDE/plugins/com.st.stm32cube.ide.mcu.externaltools.gnu-tools-for-stm32.12.3.rel1.win32_1.0.200.202406191623/tools/bin/../lib/gcc/arm-none-eabi/12.3.1/../../../../arm-none-eabi/lib/thumb/v7e-m+fp/hard\libc_nano.a(libc_a-mallocr.o) (__malloc_lock)
C:/ST/STM32CubeIDE_1.16.0/STM32CubeIDE/plugins/com.st.stm32cube.ide.mcu.externaltools.gnu-tools-for-stm32.12.3.rel1.win32_1.0.200.202406191623/tools/bin/../lib/gcc/arm-none-eabi/12.3.1/../../../../arm-none-eabi/lib/thumb/v7e-m+fp/hard\libc_nano.a(libc_a-findfp.o)
                              C:/ST/STM32CubeIDE_1.16.0/STM32CubeIDE/plugins/com.st.stm32cube.ide.mcu.externaltools.gnu-tools-for-stm32.12.3.rel1.win32_1.0.200.202406191623/tools/bin/../lib/gcc/arm-none-eabi/12.3.1/../../../../arm-none-eabi/lib/thumb/v7e-m+fp/hard\libc_nano.a(libc_a-exit.o) (__stdio_exit_handler)
C:/ST/STM32CubeIDE_1.16.0/STM32CubeIDE/plugins/com.st.stm32cube.ide.mcu.externaltools.gnu-tools-for-stm32.12.3.rel1.win32_1.0.200.202406191623/tools/bin/../lib/gcc/arm-none-eabi/12.3.1/../../../../arm-none-eabi/lib/thumb/v7e-m+fp/hard\libc_nano.a(libc_a-fwalk.o)
                              C:/ST/STM32CubeIDE_1.16.0/STM32CubeIDE/plugins/com.st.stm32cube.ide.mcu.externaltools.gnu-tools-for-stm32.12.3.rel1.win32_1.0.200.202406191623/tools/bin/../lib/gcc/arm-none-eabi/12.3.1/../../../../arm-none-eabi/lib/thumb/v7e-m+fp/hard\libc_nano.a(libc_a-findfp.o) (_fwalk_sglue)
C:/ST/STM32CubeIDE_1.16.0/STM32CubeIDE/plugins/com.st.stm32cube.ide.mcu.externaltools.gnu-tools-for-stm32.12.3.rel1.win32_1.0.200.202406191623/tools/bin/../lib/gcc/arm-none-eabi/12.3.1/../../../../arm-none-eabi/lib/thumb/v7e-m+fp/hard\libc_nano.a(libc_a-stdio.o)
                              C:/ST/STM32CubeIDE_1.16.0/STM32CubeIDE/plugins/com.st.stm32cube.ide.mcu.externaltools.gnu-tools-for-stm32.12.3.rel1.win32_1.0.200.202406191623/tools/bin/../lib/gcc/arm-none-eabi/12.3.1/../../../../arm-none-eabi/lib/thumb/v7e-m+fp/hard\libc_nano.a(libc_a-findfp.o) (__sread)
C:/ST/STM32CubeIDE_1.16.0/STM32CubeIDE/plugins/com.st.stm32cube.ide.mcu.externaltools.gnu-tools-for-stm32.12.3.rel1.win32_1.0.200.202406191623/tools/bin/../lib/gcc/arm-none-eabi/12.3.1/../../../../arm-none-eabi/lib/thumb/v7e-m+fp/hard\libc_nano.a(libc_a-memset.o)
[...]
Memory Configuration

Name             Origin             Length             Attributes
RAM              0x20000000         0x00004000         xrw
FLASH            0x08000000         0x00010000         xr
*default*        0x00000000         0xffffffff

Linker script and memory map

LOAD C:/ST/STM32CubeIDE_1.16.0/STM32CubeIDE/plugins/com.st.stm32cube.ide.mcu.externaltools.gnu-tools-for-stm32.12.3.rel1.win32_1.0.200.202406191623/tools/bin/../lib/gcc/arm-none-eabi/12.3.1/thumb/v7e-m+fp/hard/crti.o
LOAD C:/ST/STM32CubeIDE_1.16.0/STM32CubeIDE/plugins/com.st.stm32cube.ide.mcu.externaltools.gnu-tools-for-stm32.12.3.rel1.win32_1.0.200.202406191623/tools/bin/../lib/gcc/arm-none-eabi/12.3.1/thumb/v7e-m+fp/hard/crtbegin.o
LOAD C:/ST/STM32CubeIDE_1.16.0/STM32CubeIDE/plugins/com.st.stm32cube.ide.mcu.externaltools.gnu-tools-for-stm32.12.3.rel1.win32_1.0.200.202406191623/tools/bin/../lib/gcc/arm-none-eabi/12.3.1/../../../../arm-none-eabi/lib/thumb/v7e-m+fp/hard/crt0.o
LOAD ./Core/Src/ILI9341.o
LOAD ./Core/Src/MTCH6102.o
LOAD ./Core/Src/arm_bitreversal2.o
LOAD ./Core/Src/arm_cfft_f32.o
LOAD ./Core/Src/arm_cfft_radix8_f32.o
LOAD ./Core/Src/arm_cmplx_mag_f32.o
LOAD ./Core/Src/arm_common_tables.o
LOAD ./Core/Src/arm_const_structs.o
LOAD ./Core/Src/arm_rfft_fast_f32.o
LOAD ./Core/Src/arm_rfft_fast_init_f32.o
LOAD ./Core/Src/arm_sin_f32.o
LOAD ./Core/Src/code_tree.o
LOAD ./Core/Src/main.o
LOAD ./Core/Src/stm32f3xx_hal_msp.o
LOAD ./Core/Src/stm32f3xx_it.o
LOAD ./Core/Src/syscalls.o
LOAD ./Core/Src/sysmem.o
LOAD ./Core/Src/system_stm32f3xx.o
LOAD ./Core/Startup/startup_stm32f302r8tx.o
LOAD ./Drivers/STM32F3xx_HAL_Driver/Src/stm32f3xx_hal.o
LOAD ./Drivers/STM32F3xx_HAL_Driver/Src/stm32f3xx_hal_cortex.o
LOAD ./Drivers/STM32F3xx_HAL_Driver/Src/stm32f3xx_hal_dma.o
LOAD ./Drivers/STM32F3xx_HAL_Driver/Src/stm32f3xx_hal_exti.o
LOAD ./Drivers/STM32F3xx_HAL_Driver/Src/stm32f3xx_hal_flash.o
LOAD ./Drivers/STM32F3xx_HAL_Driver/Src/stm32f3xx_hal_flash_ex.o
LOAD ./Drivers/STM32F3xx_HAL_Driver/Src/stm32f3xx_hal_gpio.o
LOAD ./Drivers/STM32F3xx_HAL_Driver/Src/stm32f3xx_hal_i2c.o
LOAD ./Drivers/STM32F3xx_HAL_Driver/Src/stm32f3xx_hal_i2c_ex.o
LOAD ./Drivers/STM32F3xx_HAL_Driver/Src/stm32f3xx_hal_i2s.o
LOAD ./Drivers/STM32F3xx_HAL_Driver/Src/stm32f3xx_hal_i2s_ex.o
LOAD ./Drivers/STM32F3xx_HAL_Driver/Src/stm32f3xx_hal_pwr.o
LOAD ./Drivers/STM32F3xx_HAL_Driver/Src/stm32f3xx_hal_pwr_ex.o
LOAD ./Drivers/STM32F3xx_HAL_Driver/Src/stm32f3xx_hal_rcc.o
LOAD ./Drivers/STM32F3xx_HAL_Driver/Src/stm32f3xx_hal_rcc_ex.o
LOAD ./Drivers/STM32F3xx_HAL_Driver/Src/stm32f3xx_hal_spi.o
LOAD ./Drivers/STM32F3xx_HAL_Driver/Src/stm32f3xx_hal_spi_ex.o
LOAD ./Drivers/STM32F3xx_HAL_Driver/Src/stm32f3xx_hal_tim.o
LOAD ./Drivers/STM32F3xx_HAL_Driver/Src/stm32f3xx_hal_tim_ex.o
START GROUP
LOAD C:/ST/STM32CubeIDE_1.16.0/STM32CubeIDE/plugins/com.st.stm32cube.ide.mcu.externaltools.gnu-tools-for-stm32.12.3.rel1.win32_1.0.200.202406191623/tools/bin/../lib/gcc/arm-none-eabi/12.3.1/../../../../arm-none-eabi/lib/thumb/v7e-m+fp/hard\libc_nano.a
LOAD C:/ST/STM32CubeIDE_1.16.0/STM32CubeIDE/plugins/com.st.stm32cube.ide.mcu.externaltools.gnu-tools-for-stm32.12.3.rel1.win32_1.0.200.202406191623/tools/bin/../lib/gcc/arm-none-eabi/12.3.1/../../../../arm-none-eabi/lib/thumb/v7e-m+fp/hard\libm.a
END GROUP
START GROUP
LOAD C:/ST/STM32CubeIDE_1.16.0/STM32CubeIDE/plugins/com.st.stm32cube.ide.mcu.externaltools.gnu-tools-for-stm32.12.3.rel1.win32_1.0.200.202406191623/tools/bin/../lib/gcc/arm-none-eabi/12.3.1/thumb/v7e-m+fp/hard\libgcc.a
LOAD C:/ST/STM32CubeIDE_1.16.0/STM32CubeIDE/plugins/com.st.stm32cube.ide.mcu.externaltools.gnu-tools-for-stm32.12.3.rel1.win32_1.0.200.202406191623/tools/bin/../lib/gcc/arm-none-eabi/12.3.1/../../../../arm-none-eabi/lib/thumb/v7e-m+fp/hard\libc_nano.a
END GROUP
START GROUP
LOAD C:/ST/STM32CubeIDE_1.16.0/STM32CubeIDE/plugins/com.st.stm32cube.ide.mcu.externaltools.gnu-tools-for-stm32.12.3.rel1.win32_1.0.200.202406191623/tools/bin/../lib/gcc/arm-none-eabi/12.3.1/thumb/v7e-m+fp/hard\libgcc.a
LOAD C:/ST/STM32CubeIDE_1.16.0/STM32CubeIDE/plugins/com.st.stm32cube.ide.mcu.externaltools.gnu-tools-for-stm32.12.3.rel1.win32_1.0.200.202406191623/tools/bin/../lib/gcc/arm-none-eabi/12.3.1/../../../../arm-none-eabi/lib/thumb/v7e-m+fp/hard\libc_nano.a
LOAD C:/ST/STM32CubeIDE_1.16.0/STM32CubeIDE/plugins/com.st.stm32cube.ide.mcu.externaltools.gnu-tools-for-stm32.12.3.rel1.win32_1.0.200.202406191623/tools/bin/../lib/gcc/arm-none-eabi/12.3.1/../../../../arm-none-eabi/lib/thumb/v7e-m+fp/hard\libnosys.a
END GROUP
START GROUP
LOAD C:/ST/STM32CubeIDE_1.16.0/STM32CubeIDE/plugins/com.st.stm32cube.ide.mcu.externaltools.gnu-tools-for-stm32.12.3.rel1.win32_1.0.200.202406191623/tools/bin/../lib/gcc/arm-none-eabi/12.3.1/thumb/v7e-m+fp/hard\libgcc.a
LOAD C:/ST/STM32CubeIDE_1.16.0/STM32CubeIDE/plugins/com.st.stm32cube.ide.mcu.externaltools.gnu-tools-for-stm32.12.3.rel1.win32_1.0.200.202406191623/tools/bin/../lib/gcc/arm-none-eabi/12.3.1/../../../../arm-none-eabi/lib/thumb/v7e-m+fp/hard\libc_nano.a
LOAD C:/ST/STM32CubeIDE_1.16.0/STM32CubeIDE/plugins/com.st.stm32cube.ide.mcu.externaltools.gnu-tools-for-stm32.12.3.rel1.win32_1.0.200.202406191623/tools/bin/../lib/gcc/arm-none-eabi/12.3.1/../../../../arm-none-eabi/lib/thumb/v7e-m+fp/hard\libnosys.a
END GROUP
LOAD C:/ST/STM32CubeIDE_1.16.0/STM32CubeIDE/plugins/com.st.stm32cube.ide.mcu.externaltools.gnu-tools-for-stm32.12.3.rel1.win32_1.0.200.202406191623/tools/bin/../lib/gcc/arm-none-eabi/12.3.1/thumb/v7e-m+fp/hard/crtend.o
LOAD C:/ST/STM32CubeIDE_1.16.0/STM32CubeIDE/plugins/com.st.stm32cube.ide.mcu.externaltools.gnu-tools-for-stm32.12.3.rel1.win32_1.0.200.202406191623/tools/bin/../lib/gcc/arm-none-eabi/12.3.1/thumb/v7e-m+fp/hard/crtn.o
                0x20004000                        _estack = (ORIGIN (RAM) + LENGTH (RAM))
                0x00000200                        _Min_Heap_Size = 0x200
                0x00000400                        _Min_Stack_Size = 0x400

.isr_vector     0x08000000      0x188
                0x08000000                        . = ALIGN (0x4)
 *(.isr_vector)
 .isr_vector    0x08000000      0x188 ./Core/Startup/startup_stm32f302r8tx.o
                0x08000000                g_pfnVectors
                0x08000188                        . = ALIGN (0x4)

.text           0x08000188     0xa148
                0x08000188                        . = ALIGN (0x4)
 *(.text)
 .text          0x08000188       0x40 C:/ST/STM32CubeIDE_1.16.0/STM32CubeIDE/plugins/com.st.stm32cube.ide.mcu.externaltools.gnu-tools-for-stm32.12.3.rel1.win32_1.0.200.202406191623/tools/bin/../lib/gcc/arm-none-eabi/12.3.1/thumb/v7e-m+fp/hard/crtbegin.o
 .text          0x080001c8       0xc0 ./Core/Src/arm_bitreversal2.o
                0x080001c8                arm_bitreversal_32
                0x08000232                arm_bitreversal_16
 .text          0x08000288      0x378 C:/ST/STM32CubeIDE_1.16.0/STM32CubeIDE/plugins/com.st.stm32cube.ide.mcu.externaltools.gnu-tools-for-stm32.12.3.rel1.win32_1.0.200.202406191623/tools/bin/../lib/gcc/arm-none-eabi/12.3.1/thumb/v7e-m+fp/hard\libgcc.a(_arm_addsubdf3.o)
                0x08000288                __aeabi_drsub
                0x08000290                __aeabi_dsub
                0x08000290                __subdf3
                0x08000294                __aeabi_dadd
                0x08000294                __adddf3
                0x0800050c                __floatunsidf
                0x0800050c                __aeabi_ui2d
                0x0800052c                __floatsidf
                0x0800052c                __aeabi_i2d
                0x08000550                __aeabi_f2d
                0x08000550                __extendsfdf2
                0x08000594                __floatundidf
                0x08000594                __aeabi_ul2d
                0x080005a4                __floatdidf
                0x080005a4                __aeabi_l2d
 .text          0x08000600      0x110 C:/ST/STM32CubeIDE_1.16.0/STM32CubeIDE/plugins/com.st.stm32cube.ide.mcu.externaltools.gnu-tools-for-stm32.12.3.rel1.win32_1.0.200.202406191623/tools/bin/../lib/gcc/arm-none-eabi/12.3.1/thumb/v7e-m+fp/hard\libgcc.a(_arm_cmpdf2.o)
                0x08000600                __gtdf2
                0x08000600                __gedf2
                0x08000608                __ltdf2
                0x08000608                __ledf2
                0x08000610                __nedf2
                0x08000610                __eqdf2
                0x08000610                __cmpdf2
                0x0800068c                __aeabi_cdrcmple
                0x0800069c                __aeabi_cdcmpeq
                0x0800069c                __aeabi_cdcmple
                0x080006ac                __aeabi_dcmpeq
                0x080006c0                __aeabi_dcmplt
                0x080006d4                __aeabi_dcmple
                0x080006e8                __aeabi_dcmpge
                0x080006fc                __aeabi_dcmpgt
 .text          0x08000710       0x40 C:/ST/STM32CubeIDE_1.16.0/STM32CubeIDE/plugins/com.st.stm32cube.ide.mcu.externaltools.gnu-tools-for-stm32.12.3.rel1.win32_1.0.200.202406191623/tools/bin/../lib/gcc/arm-none-eabi/12.3.1/thumb/v7e-m+fp/hard\libgcc.a(_arm_fixunsdfsi.o)
                0x08000710                __aeabi_d2uiz
                0x08000710                __fixunsdfsi
 *(.text*)
 .text.ILI9341_Init
                0x08000750      0x250 ./Core/Src/ILI9341.o
                0x08000750                ILI9341_Init
 .text.ILI9341_Set_Window_Location
                0x080009a0      0x124 ./Core/Src/ILI9341.o
                0x080009a0                ILI9341_Set_Window_Location
 .text.ILI9341_Set_Window_Location_Size
                0x08000ac4      0x140 ./Core/Src/ILI9341.o
                0x08000ac4                ILI9341_Set_Window_Location_Size
 .text.ILI9341_Write_Pixels
                0x08000c04       0xf8 ./Core/Src/ILI9341.o
                0x08000c04                ILI9341_Write_Pixels
 .text.ILI9341_Rewrite_Character
                0x08000cfc      0x7a4 ./Core/Src/ILI9341.o
                0x08000cfc                ILI9341_Rewrite_Character
 .text.ILI9341_Delete_Character
                0x080014a0       0xb0 ./Core/Src/ILI9341.o
                0x080014a0                ILI9341_Delete_Character
 .text.ILI9341_Fill_Screen
                0x08001550      0x118 ./Core/Src/ILI9341.o
                0x08001550                ILI9341_Fill_Screen
 .text.ILI9341_Update_Cursor
                0x08001668      0x12c ./Core/Src/ILI9341.o
                0x08001668                ILI9341_Update_Cursor
 .text.ILI9341_Increment_Char_Pos
                0x08001794       0xa6 ./Core/Src/ILI9341.o
                0x08001794                ILI9341_Increment_Char_Pos
 .text.ILI9341_Clear_Cursor
                0x0800183a      0x12c ./Core/Src/ILI9341.o
                0x0800183a                ILI9341_Clear_Cursor
 .text.ILI9341_Clear_Screen
                0x08001966      0x100 ./Core/Src/ILI9341.o
                0x08001966                ILI9341_Clear_Screen
 .text.ILI9341_Transmit_Cmd
                0x08001a66       0x54 ./Core/Src/ILI9341.o
                0x08001a66                ILI9341_Transmit_Cmd
 .text.ILI9341_Transmit_Data
                0x08001aba       0x5a ./Core/Src/ILI9341.o
                0x08001aba                ILI9341_Transmit_Data
 .text.MTCH6102_Init
                0x08001b14      0x108 ./Core/Src/MTCH6102.o
                0x08001b14                MTCH6102_Init
 .text.MTCH6102_Read_Tap_Status
                0x08001c1c       0x22 ./Core/Src/MTCH6102.o
                0x08001c1c                MTCH6102_Read_Tap_Status
 .text.MTCH6102_Read_Scratch_Status
                0x08001c3e       0x22 ./Core/Src/MTCH6102.o
                0x08001c3e                MTCH6102_Read_Scratch_Status
 .text.MTCH6102_Transmit
                0x08001c60       0x38 ./Core/Src/MTCH6102.o
                0x08001c60                MTCH6102_Transmit
 .text.MTCH6102_Receive
                0x08001c98       0x4e ./Core/Src/MTCH6102.o
                0x08001c98                MTCH6102_Receive
 .text.arm_cfft_radix8by2_f32
                0x08001ce6      0x3e8 ./Core/Src/arm_cfft_f32.o
                0x08001ce6                arm_cfft_radix8by2_f32
 .text.arm_cfft_radix8by4_f32
                0x080020ce      0xc60 ./Core/Src/arm_cfft_f32.o
                0x080020ce                arm_cfft_radix8by4_f32
 .text.arm_cfft_f32
                0x08002d2e      0x174 ./Core/Src/arm_cfft_f32.o
                0x08002d2e                arm_cfft_f32
 *fill*         0x08002ea2        0x2 
 .text.arm_radix8_butterfly_f32
                0x08002ea4     0x100c ./Core/Src/arm_cfft_radix8_f32.o
                0x08002ea4                arm_radix8_butterfly_f32
 .text.arm_sqrt_f32
                0x08003eb0       0x44 ./Core/Src/arm_cmplx_mag_f32.o
 .text.arm_cmplx_mag_f32
                0x08003ef4      0x158 ./Core/Src/arm_cmplx_mag_f32.o
                0x08003ef4                arm_cmplx_mag_f32
 .text.stage_rfft_f32
                0x0800404c      0x1ca ./Core/Src/arm_rfft_fast_f32.o
                0x0800404c                stage_rfft_f32
 .text.merge_rfft_f32
                0x08004216      0x192 ./Core/Src/arm_rfft_fast_f32.o
                0x08004216                merge_rfft_f32
 .text.arm_rfft_fast_f32
                0x080043a8       0x5a ./Core/Src/arm_rfft_fast_f32.o
                0x080043a8                arm_rfft_fast_f32
 *fill*         0x08004402        0x2 
 .text.arm_rfft_fast_init_f32
                0x08004404       0x98 ./Core/Src/arm_rfft_fast_init_f32.o
                0x08004404                arm_rfft_fast_init_f32
 .text.Tree_Init
                0x0800449c       0x2c ./Core/Src/code_tree.o
                0x0800449c                Tree_Init
 .text.Add_Letter
                0x080044c8       0x34 ./Core/Src/code_tree.o
                0x080044c8                Add_Letter
 .text.Traverse_Tree
                0x080044fc       0x78 ./Core/Src/code_tree.o
                0x080044fc                Traverse_Tree
 .text.Make_Trie_Node
                0x08004574       0x44 ./Core/Src/code_tree.o
                0x08004574                Make_Trie_Node
 .text.Trie_Init
                0x080045b8      0x198 ./Core/Src/code_tree.o
                0x080045b8                Trie_Init
 .text.main     0x08004750       0xcc ./Core/Src/main.o
                0x08004750                main
 .text.SystemClock_Config
                0x0800481c       0xa6 ./Core/Src/main.o
                0x0800481c                SystemClock_Config
 *fill*         0x080048c2        0x2 
 .text.MX_I2C1_Init
                0x080048c4       0x80 ./Core/Src/main.o
 .text.MX_I2S3_Init
                0x08004944       0x5c ./Core/Src/main.o
 .text.MX_SPI2_Init
                0x080049a0       0x7c ./Core/Src/main.o
 .text.MX_TIM2_Init
                0x08004a1c       0x9c ./Core/Src/main.o
 .text.MX_TIM6_Init
                0x08004ab8       0x6c ./Core/Src/main.o
 .text.MX_DMA_Init
                0x08004b24       0x3c ./Core/Src/main.o
 .text.MX_GPIO_Init
                0x08004b60       0xfc ./Core/Src/main.o
 .text.Error_Handler
                0x08004c5c        0xc ./Core/Src/main.o
                0x08004c5c                Error_Handler
 .text.HAL_MspInit
                0x08004c68       0x48 ./Core/Src/stm32f3xx_hal_msp.o
                0x08004c68                HAL_MspInit
 .text.HAL_I2C_MspInit
                0x08004cb0       0x88 ./Core/Src/stm32f3xx_hal_msp.o
                0x08004cb0                HAL_I2C_MspInit
 .text.HAL_I2S_MspInit
                0x08004d38      0x11c ./Core/Src/stm32f3xx_hal_msp.o
                0x08004d38                HAL_I2S_MspInit
 .text.HAL_SPI_MspInit
                0x08004e54       0xc4 ./Core/Src/stm32f3xx_hal_msp.o
                0x08004e54                HAL_SPI_MspInit
 .text.HAL_TIM_Base_MspInit
                0x08004f18       0x80 ./Core/Src/stm32f3xx_hal_msp.o
                0x08004f18                HAL_TIM_Base_MspInit
 .text.NMI_Handler
                0x08004f98        0x8 ./Core/Src/stm32f3xx_it.o
                0x08004f98                NMI_Handler
 .text.HardFault_Handler
                0x08004fa0        0x8 ./Core/Src/stm32f3xx_it.o
                0x08004fa0                HardFault_Handler
 .text.MemManage_Handler
                0x08004fa8        0x8 ./Core/Src/stm32f3xx_it.o
                0x08004fa8                MemManage_Handler
 .text.BusFault_Handler
                0x08004fb0        0x8 ./Core/Src/stm32f3xx_it.o
                0x08004fb0                BusFault_Handler
 .text.UsageFault_Handler
                0x08004fb8        0x8 ./Core/Src/stm32f3xx_it.o
                0x08004fb8                UsageFault_Handler
 .text.SVC_Handler
                0x08004fc0        0xe ./Core/Src/stm32f3xx_it.o
                0x08004fc0                SVC_Handler
 .text.DebugMon_Handler
                0x08004fce        0xe ./Core/Src/stm32f3xx_it.o
                0x08004fce                DebugMon_Handler
 .text.PendSV_Handler
                0x08004fdc        0xe ./Core/Src/stm32f3xx_it.o
                0x08004fdc                PendSV_Handler
 .text.SysTick_Handler
                0x08004fea        0xc ./Core/Src/stm32f3xx_it.o
                0x08004fea                SysTick_Handler
 *fill*         0x08004ff6        0x2 
 .text.EXTI1_IRQHandler
                0x08004ff8       0x74 ./Core/Src/stm32f3xx_it.o
                0x08004ff8                EXTI1_IRQHandler
 .text.DMA1_Channel2_IRQHandler
                0x0800506c       0x14 ./Core/Src/stm32f3xx_it.o
                0x0800506c                DMA1_Channel2_IRQHandler
 .text.TIM2_IRQHandler
                0x08005080      0x2a8 ./Core/Src/stm32f3xx_it.o
                0x08005080                TIM2_IRQHandler
 .text.TIM6_DAC_IRQHandler
                0x08005328      0x1cc ./Core/Src/stm32f3xx_it.o
                0x08005328                TIM6_DAC_IRQHandler
 .text.Check_Trie_Root
                0x080054f4       0x4c ./Core/Src/stm32f3xx_it.o
                0x080054f4                Check_Trie_Root
 .text.Read_Click_Status
                0x08005540       0x24 ./Core/Src/stm32f3xx_it.o
                0x08005540                Read_Click_Status
 .text.HAL_I2S_RxHalfCpltCallback
                0x08005564       0x2c ./Core/Src/stm32f3xx_it.o
                0x08005564                HAL_I2S_RxHalfCpltCallback
 .text.HAL_I2S_RxCpltCallback
                0x08005590       0x2c ./Core/Src/stm32f3xx_it.o
                0x08005590                HAL_I2S_RxCpltCallback
 .text._sbrk    0x080055bc       0x6c ./Core/Src/sysmem.o
                0x080055bc                _sbrk
 .text.SystemInit
                0x08005628       0x24 ./Core/Src/system_stm32f3xx.o
                0x08005628                SystemInit
 .text.Reset_Handler
                0x0800564c       0x50 ./Core/Startup/startup_stm32f302r8tx.o
                0x0800564c                Reset_Handler
 .text.Default_Handler
                0x0800569c        0x2 ./Core/Startup/startup_stm32f302r8tx.o
                0x0800569c                RTC_Alarm_IRQHandler
                0x0800569c                TIM1_CC_IRQHandler
                0x0800569c                USB_HP_IRQHandler
                0x0800569c                PVD_IRQHandler
                0x0800569c                TAMP_STAMP_IRQHandler
                0x0800569c                EXTI3_IRQHandler
                0x0800569c                I2C3_ER_IRQHandler
                0x0800569c                USB_HP_CAN_TX_IRQHandler
                0x0800569c                EXTI0_IRQHandler
                0x0800569c                I2C2_EV_IRQHandler
                0x0800569c                FPU_IRQHandler
                0x0800569c                TIM1_UP_TIM16_IRQHandler
                0x0800569c                CAN_SCE_IRQHandler
                0x0800569c                DMA1_Channel4_IRQHandler
                0x0800569c                ADC1_IRQHandler
                0x0800569c                USART3_IRQHandler
                0x0800569c                DMA1_Channel7_IRQHandler
                0x0800569c                CAN_RX1_IRQHandler
                0x0800569c                I2C1_EV_IRQHandler
                0x0800569c                DMA1_Channel6_IRQHandler
                0x0800569c                RCC_IRQHandler
                0x0800569c                DMA1_Channel1_IRQHandler
                0x0800569c                Default_Handler
                0x0800569c                USBWakeUp_RMP_IRQHandler
                0x0800569c                EXTI15_10_IRQHandler
                0x0800569c                COMP2_IRQHandler
                0x0800569c                I2C3_EV_IRQHandler
                0x0800569c                EXTI9_5_IRQHandler
                0x0800569c                RTC_WKUP_IRQHandler
                0x0800569c                SPI2_IRQHandler
                0x0800569c                USB_LP_CAN_RX0_IRQHandler
                0x0800569c                DMA1_Channel5_IRQHandler
                0x0800569c                USB_LP_IRQHandler
                0x0800569c                EXTI4_IRQHandler
                0x0800569c                TIM1_TRG_COM_TIM17_IRQHandler
                0x0800569c                DMA1_Channel3_IRQHandler
                0x0800569c                WWDG_IRQHandler
                0x0800569c                COMP4_6_IRQHandler
                0x0800569c                USART2_IRQHandler
                0x0800569c                I2C2_ER_IRQHandler
                0x0800569c                FLASH_IRQHandler
                0x0800569c                USART1_IRQHandler
                0x0800569c                SPI3_IRQHandler
                0x0800569c                I2C1_ER_IRQHandler
                0x0800569c                USBWakeUp_IRQHandler
                0x0800569c                EXTI2_TSC_IRQHandler
                0x0800569c                TIM1_BRK_TIM15_IRQHandler
 *fill*         0x0800569e        0x2 
 .text.HAL_Init
                0x080056a0       0x2c ./Drivers/STM32F3xx_HAL_Driver/Src/stm32f3xx_hal.o
                0x080056a0                HAL_Init
 .text.HAL_InitTick
                0x080056cc       0x60 ./Drivers/STM32F3xx_HAL_Driver/Src/stm32f3xx_hal.o
                0x080056cc                HAL_InitTick
 .text.HAL_IncTick
                0x0800572c       0x28 ./Drivers/STM32F3xx_HAL_Driver/Src/stm32f3xx_hal.o
                0x0800572c                HAL_IncTick
 .text.HAL_GetTick
                0x08005754       0x18 ./Drivers/STM32F3xx_HAL_Driver/Src/stm32f3xx_hal.o
                0x08005754                HAL_GetTick
 .text.HAL_Delay
                0x0800576c       0x48 ./Drivers/STM32F3xx_HAL_Driver/Src/stm32f3xx_hal.o
                0x0800576c                HAL_Delay
 .text.__NVIC_SetPriorityGrouping
                0x080057b4       0x48 ./Drivers/STM32F3xx_HAL_Driver/Src/stm32f3xx_hal_cortex.o
 .text.__NVIC_GetPriorityGrouping
                0x080057fc       0x1c ./Drivers/STM32F3xx_HAL_Driver/Src/stm32f3xx_hal_cortex.o
 .text.__NVIC_EnableIRQ
                0x08005818       0x3c ./Drivers/STM32F3xx_HAL_Driver/Src/stm32f3xx_hal_cortex.o
 .text.__NVIC_SetPriority
                0x08005854       0x54 ./Drivers/STM32F3xx_HAL_Driver/Src/stm32f3xx_hal_cortex.o
 .text.NVIC_EncodePriority
                0x080058a8       0x66 ./Drivers/STM32F3xx_HAL_Driver/Src/stm32f3xx_hal_cortex.o
 *fill*         0x0800590e        0x2 
 .text.SysTick_Config
                0x08005910       0x44 ./Drivers/STM32F3xx_HAL_Driver/Src/stm32f3xx_hal_cortex.o
 .text.HAL_NVIC_SetPriorityGrouping
                0x08005954       0x16 ./Drivers/STM32F3xx_HAL_Driver/Src/stm32f3xx_hal_cortex.o
                0x08005954                HAL_NVIC_SetPriorityGrouping
 .text.HAL_NVIC_SetPriority
                0x0800596a       0x38 ./Drivers/STM32F3xx_HAL_Driver/Src/stm32f3xx_hal_cortex.o
                0x0800596a                HAL_NVIC_SetPriority
 .text.HAL_NVIC_EnableIRQ
                0x080059a2       0x1c ./Drivers/STM32F3xx_HAL_Driver/Src/stm32f3xx_hal_cortex.o
                0x080059a2                HAL_NVIC_EnableIRQ
 .text.HAL_SYSTICK_Config
                0x080059be       0x18 ./Drivers/STM32F3xx_HAL_Driver/Src/stm32f3xx_hal_cortex.o
                0x080059be                HAL_SYSTICK_Config
 .text.HAL_DMA_Init
                0x080059d6       0x8e ./Drivers/STM32F3xx_HAL_Driver/Src/stm32f3xx_hal_dma.o
                0x080059d6                HAL_DMA_Init
 .text.HAL_DMA_Start_IT
                0x08005a64       0xbe ./Drivers/STM32F3xx_HAL_Driver/Src/stm32f3xx_hal_dma.o
                0x08005a64                HAL_DMA_Start_IT
 .text.HAL_DMA_IRQHandler
                0x08005b22      0x146 ./Drivers/STM32F3xx_HAL_Driver/Src/stm32f3xx_hal_dma.o
                0x08005b22                HAL_DMA_IRQHandler
 .text.DMA_SetConfig
                0x08005c68       0x5c ./Drivers/STM32F3xx_HAL_Driver/Src/stm32f3xx_hal_dma.o
 .text.DMA_CalcBaseAndBitshift
                0x08005cc4       0x40 ./Drivers/STM32F3xx_HAL_Driver/Src/stm32f3xx_hal_dma.o
 .text.HAL_GPIO_Init
                0x08005d04      0x2e4 ./Drivers/STM32F3xx_HAL_Driver/Src/stm32f3xx_hal_gpio.o
                0x08005d04                HAL_GPIO_Init
 .text.HAL_GPIO_ReadPin
                0x08005fe8       0x30 ./Drivers/STM32F3xx_HAL_Driver/Src/stm32f3xx_hal_gpio.o
                0x08005fe8                HAL_GPIO_ReadPin
 .text.HAL_GPIO_WritePin
                0x08006018       0x30 ./Drivers/STM32F3xx_HAL_Driver/Src/stm32f3xx_hal_gpio.o
                0x08006018                HAL_GPIO_WritePin
 .text.HAL_GPIO_EXTI_IRQHandler
                0x08006048       0x30 ./Drivers/STM32F3xx_HAL_Driver/Src/stm32f3xx_hal_gpio.o
                0x08006048                HAL_GPIO_EXTI_IRQHandler
 .text.HAL_GPIO_EXTI_Callback
                0x08006078       0x16 ./Drivers/STM32F3xx_HAL_Driver/Src/stm32f3xx_hal_gpio.o
                0x08006078                HAL_GPIO_EXTI_Callback
 .text.HAL_I2C_Init
                0x0800608e      0x136 ./Drivers/STM32F3xx_HAL_Driver/Src/stm32f3xx_hal_i2c.o
                0x0800608e                HAL_I2C_Init
 .text.HAL_I2C_Master_Transmit
                0x080061c4      0x230 ./Drivers/STM32F3xx_HAL_Driver/Src/stm32f3xx_hal_i2c.o
                0x080061c4                HAL_I2C_Master_Transmit
 .text.HAL_I2C_Master_Receive
                0x080063f4      0x1ec ./Drivers/STM32F3xx_HAL_Driver/Src/stm32f3xx_hal_i2c.o
                0x080063f4                HAL_I2C_Master_Receive
 .text.I2C_Flush_TXDR
                0x080065e0       0x48 ./Drivers/STM32F3xx_HAL_Driver/Src/stm32f3xx_hal_i2c.o
 .text.I2C_WaitOnFlagUntilTimeout
                0x08006628       0xb2 ./Drivers/STM32F3xx_HAL_Driver/Src/stm32f3xx_hal_i2c.o
 .text.I2C_WaitOnTXISFlagUntilTimeout
                0x080066da       0x8e ./Drivers/STM32F3xx_HAL_Driver/Src/stm32f3xx_hal_i2c.o
 .text.I2C_WaitOnSTOPFlagUntilTimeout
                0x08006768       0x86 ./Drivers/STM32F3xx_HAL_Driver/Src/stm32f3xx_hal_i2c.o
 *fill*         0x080067ee        0x2 
 .text.I2C_WaitOnRXNEFlagUntilTimeout
                0x080067f0      0x118 ./Drivers/STM32F3xx_HAL_Driver/Src/stm32f3xx_hal_i2c.o
 .text.I2C_IsErrorOccurred
                0x08006908      0x1c0 ./Drivers/STM32F3xx_HAL_Driver/Src/stm32f3xx_hal_i2c.o
 .text.I2C_TransferConfig
                0x08006ac8       0x64 ./Drivers/STM32F3xx_HAL_Driver/Src/stm32f3xx_hal_i2c.o
 .text.HAL_I2CEx_ConfigAnalogFilter
                0x08006b2c       0x96 ./Drivers/STM32F3xx_HAL_Driver/Src/stm32f3xx_hal_i2c_ex.o
                0x08006b2c                HAL_I2CEx_ConfigAnalogFilter
 .text.HAL_I2CEx_ConfigDigitalFilter
                0x08006bc2       0x98 ./Drivers/STM32F3xx_HAL_Driver/Src/stm32f3xx_hal_i2c_ex.o
                0x08006bc2                HAL_I2CEx_ConfigDigitalFilter
 *fill*         0x08006c5a        0x2 
 .text.HAL_I2S_Init
                0x08006c5c      0x2bc ./Drivers/STM32F3xx_HAL_Driver/Src/stm32f3xx_hal_i2s.o
                0x08006c5c                HAL_I2S_Init
 .text.HAL_I2S_Receive_DMA
                0x08006f18      0x170 ./Drivers/STM32F3xx_HAL_Driver/Src/stm32f3xx_hal_i2s.o
                0x08006f18                HAL_I2S_Receive_DMA
 .text.HAL_I2S_TxCpltCallback
                0x08007088       0x14 ./Drivers/STM32F3xx_HAL_Driver/Src/stm32f3xx_hal_i2s.o
                0x08007088                HAL_I2S_TxCpltCallback
 .text.HAL_I2S_ErrorCallback
                0x0800709c       0x14 ./Drivers/STM32F3xx_HAL_Driver/Src/stm32f3xx_hal_i2s.o
                0x0800709c                HAL_I2S_ErrorCallback
 .text.I2S_DMARxCplt
                0x080070b0       0x42 ./Drivers/STM32F3xx_HAL_Driver/Src/stm32f3xx_hal_i2s.o
 .text.I2S_DMARxHalfCplt
                0x080070f2       0x1c ./Drivers/STM32F3xx_HAL_Driver/Src/stm32f3xx_hal_i2s.o
 .text.I2S_DMAError
                0x0800710e       0x4c ./Drivers/STM32F3xx_HAL_Driver/Src/stm32f3xx_hal_i2s.o
 .text.I2S_Transmit_IT
                0x0800715a       0x5c ./Drivers/STM32F3xx_HAL_Driver/Src/stm32f3xx_hal_i2s.o
 .text.I2S_Receive_IT
                0x080071b6       0x5e ./Drivers/STM32F3xx_HAL_Driver/Src/stm32f3xx_hal_i2s.o
 .text.I2S_IRQHandler
                0x08007214      0x114 ./Drivers/STM32F3xx_HAL_Driver/Src/stm32f3xx_hal_i2s.o
 .text.HAL_I2SEx_FullDuplex_IRQHandler
                0x08007328      0x2a8 ./Drivers/STM32F3xx_HAL_Driver/Src/stm32f3xx_hal_i2s_ex.o
                0x08007328                HAL_I2SEx_FullDuplex_IRQHandler
 .text.HAL_I2SEx_TxRxCpltCallback
                0x080075d0       0x14 ./Drivers/STM32F3xx_HAL_Driver/Src/stm32f3xx_hal_i2s_ex.o
                0x080075d0                HAL_I2SEx_TxRxCpltCallback
 .text.I2SEx_TxISR_I2S
                0x080075e4       0x62 ./Drivers/STM32F3xx_HAL_Driver/Src/stm32f3xx_hal_i2s_ex.o
 *fill*         0x08007646        0x2 
 .text.I2SEx_TxISR_I2SExt
                0x08007648       0x98 ./Drivers/STM32F3xx_HAL_Driver/Src/stm32f3xx_hal_i2s_ex.o
 .text.I2SEx_RxISR_I2S
                0x080076e0       0x64 ./Drivers/STM32F3xx_HAL_Driver/Src/stm32f3xx_hal_i2s_ex.o
 .text.I2SEx_RxISR_I2SExt
                0x08007744       0x98 ./Drivers/STM32F3xx_HAL_Driver/Src/stm32f3xx_hal_i2s_ex.o
 .text.HAL_RCC_OscConfig
                0x080077dc     0x107c ./Drivers/STM32F3xx_HAL_Driver/Src/stm32f3xx_hal_rcc.o
                0x080077dc                HAL_RCC_OscConfig
 .text.HAL_RCC_ClockConfig
                0x08008858      0x2f8 ./Drivers/STM32F3xx_HAL_Driver/Src/stm32f3xx_hal_rcc.o
                0x08008858                HAL_RCC_ClockConfig
 .text.HAL_RCC_GetSysClockFreq
                0x08008b50       0xa8 ./Drivers/STM32F3xx_HAL_Driver/Src/stm32f3xx_hal_rcc.o
                0x08008b50                HAL_RCC_GetSysClockFreq
 .text.HAL_RCCEx_PeriphCLKConfig
                0x08008bf8      0x324 ./Drivers/STM32F3xx_HAL_Driver/Src/stm32f3xx_hal_rcc_ex.o
                0x08008bf8                HAL_RCCEx_PeriphCLKConfig
 .text.HAL_SPI_Init
                0x08008f1c      0x156 ./Drivers/STM32F3xx_HAL_Driver/Src/stm32f3xx_hal_spi.o
                0x08008f1c                HAL_SPI_Init
 .text.HAL_SPI_Transmit
                0x08009072      0x2ea ./Drivers/STM32F3xx_HAL_Driver/Src/stm32f3xx_hal_spi.o
                0x08009072                HAL_SPI_Transmit
 .text.SPI_WaitFlagStateUntilTimeout
                0x0800935c      0x110 ./Drivers/STM32F3xx_HAL_Driver/Src/stm32f3xx_hal_spi.o
 .text.SPI_WaitFifoStateUntilTimeout
                0x0800946c      0x12c ./Drivers/STM32F3xx_HAL_Driver/Src/stm32f3xx_hal_spi.o
 .text.SPI_EndRxTxTransaction
                0x08009598       0x8c ./Drivers/STM32F3xx_HAL_Driver/Src/stm32f3xx_hal_spi.o
 .text.HAL_TIM_Base_Init
                0x08009624       0xae ./Drivers/STM32F3xx_HAL_Driver/Src/stm32f3xx_hal_tim.o
                0x08009624                HAL_TIM_Base_Init
 *fill*         0x080096d2        0x2 
 .text.HAL_TIM_Base_Start_IT
                0x080096d4       0xa8 ./Drivers/STM32F3xx_HAL_Driver/Src/stm32f3xx_hal_tim.o
                0x080096d4                HAL_TIM_Base_Start_IT
 .text.HAL_TIM_IRQHandler
                0x0800977c      0x204 ./Drivers/STM32F3xx_HAL_Driver/Src/stm32f3xx_hal_tim.o
                0x0800977c                HAL_TIM_IRQHandler
 .text.HAL_TIM_ConfigClockSource
                0x08009980      0x192 ./Drivers/STM32F3xx_HAL_Driver/Src/stm32f3xx_hal_tim.o
                0x08009980                HAL_TIM_ConfigClockSource
 .text.HAL_TIM_PeriodElapsedCallback
                0x08009b12       0x14 ./Drivers/STM32F3xx_HAL_Driver/Src/stm32f3xx_hal_tim.o
                0x08009b12                HAL_TIM_PeriodElapsedCallback
 .text.HAL_TIM_OC_DelayElapsedCallback
                0x08009b26       0x14 ./Drivers/STM32F3xx_HAL_Driver/Src/stm32f3xx_hal_tim.o
                0x08009b26                HAL_TIM_OC_DelayElapsedCallback
 .text.HAL_TIM_IC_CaptureCallback
                0x08009b3a       0x14 ./Drivers/STM32F3xx_HAL_Driver/Src/stm32f3xx_hal_tim.o
                0x08009b3a                HAL_TIM_IC_CaptureCallback
 .text.HAL_TIM_PWM_PulseFinishedCallback
                0x08009b4e       0x14 ./Drivers/STM32F3xx_HAL_Driver/Src/stm32f3xx_hal_tim.o
                0x08009b4e                HAL_TIM_PWM_PulseFinishedCallback
 .text.HAL_TIM_TriggerCallback
                0x08009b62       0x14 ./Drivers/STM32F3xx_HAL_Driver/Src/stm32f3xx_hal_tim.o
                0x08009b62                HAL_TIM_TriggerCallback
 *fill*         0x08009b76        0x2 
 .text.TIM_Base_SetConfig
                0x08009b78       0xf4 ./Drivers/STM32F3xx_HAL_Driver/Src/stm32f3xx_hal_tim.o
                0x08009b78                TIM_Base_SetConfig
 .text.TIM_TI1_ConfigInputStage
                0x08009c6c       0x5e ./Drivers/STM32F3xx_HAL_Driver/Src/stm32f3xx_hal_tim.o
 .text.TIM_TI2_ConfigInputStage
                0x08009cca       0x60 ./Drivers/STM32F3xx_HAL_Driver/Src/stm32f3xx_hal_tim.o
 .text.TIM_ITRx_SetConfig
                0x08009d2a       0x36 ./Drivers/STM32F3xx_HAL_Driver/Src/stm32f3xx_hal_tim.o
 .text.TIM_ETR_SetConfig
                0x08009d60       0x40 ./Drivers/STM32F3xx_HAL_Driver/Src/stm32f3xx_hal_tim.o
                0x08009d60                TIM_ETR_SetConfig
 .text.HAL_TIMEx_MasterConfigSynchronization
                0x08009da0       0xcc ./Drivers/STM32F3xx_HAL_Driver/Src/stm32f3xx_hal_tim_ex.o
                0x08009da0                HAL_TIMEx_MasterConfigSynchronization
 .text.HAL_TIMEx_CommutCallback
                0x08009e6c       0x14 ./Drivers/STM32F3xx_HAL_Driver/Src/stm32f3xx_hal_tim_ex.o
                0x08009e6c                HAL_TIMEx_CommutCallback
 .text.HAL_TIMEx_BreakCallback
                0x08009e80       0x14 ./Drivers/STM32F3xx_HAL_Driver/Src/stm32f3xx_hal_tim_ex.o
                0x08009e80                HAL_TIMEx_BreakCallback
 .text.HAL_TIMEx_Break2Callback
                0x08009e94       0x14 ./Drivers/STM32F3xx_HAL_Driver/Src/stm32f3xx_hal_tim_ex.o
                0x08009e94                HAL_TIMEx_Break2Callback
 .text.calloc   0x08009ea8       0x10 C:/ST/STM32CubeIDE_1.16.0/STM32CubeIDE/plugins/com.st.stm32cube.ide.mcu.externaltools.gnu-tools-for-stm32.12.3.rel1.win32_1.0.200.202406191623/tools/bin/../lib/gcc/arm-none-eabi/12.3.1/../../../../arm-none-eabi/lib/thumb/v7e-m+fp/hard\libc_nano.a(libc_a-calloc.o)
                0x08009ea8                calloc
 .text._calloc_r
                0x08009eb8       0x28 C:/ST/STM32CubeIDE_1.16.0/STM32CubeIDE/plugins/com.st.stm32cube.ide.mcu.externaltools.gnu-tools-for-stm32.12.3.rel1.win32_1.0.200.202406191623/tools/bin/../lib/gcc/arm-none-eabi/12.3.1/../../../../arm-none-eabi/lib/thumb/v7e-m+fp/hard\libc_nano.a(libc_a-callocr.o)
                0x08009eb8                _calloc_r
 .text.malloc   0x08009ee0       0x10 C:/ST/STM32CubeIDE_1.16.0/STM32CubeIDE/plugins/com.st.stm32cube.ide.mcu.externaltools.gnu-tools-for-stm32.12.3.rel1.win32_1.0.200.202406191623/tools/bin/../lib/gcc/arm-none-eabi/12.3.1/../../../../arm-none-eabi/lib/thumb/v7e-m+fp/hard\libc_nano.a(libc_a-malloc.o)
                0x08009ee0                malloc
 .text.free     0x08009ef0       0x10 C:/ST/STM32CubeIDE_1.16.0/STM32CubeIDE/plugins/com.st.stm32cube.ide.mcu.externaltools.gnu-tools-for-stm32.12.3.rel1.win32_1.0.200.202406191623/tools/bin/../lib/gcc/arm-none-eabi/12.3.1/../../../../arm-none-eabi/lib/thumb/v7e-m+fp/hard\libc_nano.a(libc_a-malloc.o)
                0x08009ef0                free
 .text.sbrk_aligned
                0x08009f00       0x44 C:/ST/STM32CubeIDE_1.16.0/STM32CubeIDE/plugins/com.st.stm32cube.ide.mcu.externaltools.gnu-tools-for-stm32.12.3.rel1.win32_1.0.200.202406191623/tools/bin/../lib/gcc/arm-none-eabi/12.3.1/../../../../arm-none-eabi/lib/thumb/v7e-m+fp/hard\libc_nano.a(libc_a-mallocr.o)
 .text._malloc_r
                0x08009f44      0x100 C:/ST/STM32CubeIDE_1.16.0/STM32CubeIDE/plugins/com.st.stm32cube.ide.mcu.externaltools.gnu-tools-for-stm32.12.3.rel1.win32_1.0.200.202406191623/tools/bin/../lib/gcc/arm-none-eabi/12.3.1/../../../../arm-none-eabi/lib/thumb/v7e-m+fp/hard\libc_nano.a(libc_a-mallocr.o)
                0x08009f44                _malloc_r
 .text.__malloc_lock
                0x0800a044        0xc C:/ST/STM32CubeIDE_1.16.0/STM32CubeIDE/plugins/com.st.stm32cube.ide.mcu.externaltools.gnu-tools-for-stm32.12.3.rel1.win32_1.0.200.202406191623/tools/bin/../lib/gcc/arm-none-eabi/12.3.1/../../../../arm-none-eabi/lib/thumb/v7e-m+fp/hard\libc_nano.a(libc_a-mlock.o)
                0x0800a044                __malloc_lock
 .text.__malloc_unlock
                0x0800a050        0xc C:/ST/STM32CubeIDE_1.16.0/STM32CubeIDE/plugins/com.st.stm32cube.ide.mcu.externaltools.gnu-tools-for-stm32.12.3.rel1.win32_1.0.200.202406191623/tools/bin/../lib/gcc/arm-none-eabi/12.3.1/../../../../arm-none-eabi/lib/thumb/v7e-m+fp/hard\libc_nano.a(libc_a-mlock.o)
                0x0800a050                __malloc_unlock
 .text.memset   0x0800a05c       0x10 C:/ST/STM32CubeIDE_1.16.0/STM32CubeIDE/plugins/com.st.stm32cube.ide.mcu.externaltools.gnu-tools-for-stm32.12.3.rel1.win32_1.0.200.202406191623/tools/bin/../lib/gcc/arm-none-eabi/12.3.1/../../../../arm-none-eabi/lib/thumb/v7e-m+fp/hard\libc_nano.a(libc_a-memset.o)
                0x0800a05c                memset
 .text._sbrk_r  0x0800a06c       0x20 C:/ST/STM32CubeIDE_1.16.0/STM32CubeIDE/plugins/com.st.stm32cube.ide.mcu.externaltools.gnu-tools-for-stm32.12.3.rel1.win32_1.0.200.202406191623/tools/bin/../lib/gcc/arm-none-eabi/12.3.1/../../../../arm-none-eabi/lib/thumb/v7e-m+fp/hard\libc_nano.a(libc_a-sbrkr.o)
                0x0800a06c                _sbrk_r
 .text.__errno  0x0800a08c        0xc C:/ST/STM32CubeIDE_1.16.0/STM32CubeIDE/plugins/com.st.stm32cube.ide.mcu.externaltools.gnu-tools-for-stm32.12.3.rel1.win32_1.0.200.202406191623/tools/bin/../lib/gcc/arm-none-eabi/12.3.1/../../../../arm-none-eabi/lib/thumb/v7e-m+fp/hard\libc_nano.a(libc_a-errno.o)
                0x0800a08c                __errno
 .text.__libc_init_array
                0x0800a098       0x48 C:/ST/STM32CubeIDE_1.16.0/STM32CubeIDE/plugins/com.st.stm32cube.ide.mcu.externaltools.gnu-tools-for-stm32.12.3.rel1.win32_1.0.200.202406191623/tools/bin/../lib/gcc/arm-none-eabi/12.3.1/../../../../arm-none-eabi/lib/thumb/v7e-m+fp/hard\libc_nano.a(libc_a-init.o)
                0x0800a098                __libc_init_array
 .text.__retarget_lock_acquire_recursive
                0x0800a0e0        0x2 C:/ST/STM32CubeIDE_1.16.0/STM32CubeIDE/plugins/com.st.stm32cube.ide.mcu.externaltools.gnu-tools-for-stm32.12.3.rel1.win32_1.0.200.202406191623/tools/bin/../lib/gcc/arm-none-eabi/12.3.1/../../../../arm-none-eabi/lib/thumb/v7e-m+fp/hard\libc_nano.a(libc_a-lock.o)
                0x0800a0e0                __retarget_lock_acquire_recursive
 .text.__retarget_lock_release_recursive
                0x0800a0e2        0x2 C:/ST/STM32CubeIDE_1.16.0/STM32CubeIDE/plugins/com.st.stm32cube.ide.mcu.externaltools.gnu-tools-for-stm32.12.3.rel1.win32_1.0.200.202406191623/tools/bin/../lib/gcc/arm-none-eabi/12.3.1/../../../../arm-none-eabi/lib/thumb/v7e-m+fp/hard\libc_nano.a(libc_a-lock.o)
                0x0800a0e2                __retarget_lock_release_recursive
 .text._free_r  0x0800a0e4       0x94 C:/ST/STM32CubeIDE_1.16.0/STM32CubeIDE/plugins/com.st.stm32cube.ide.mcu.externaltools.gnu-tools-for-stm32.12.3.rel1.win32_1.0.200.202406191623/tools/bin/../lib/gcc/arm-none-eabi/12.3.1/../../../../arm-none-eabi/lib/thumb/v7e-m+fp/hard\libc_nano.a(libc_a-freer.o)
                0x0800a0e4                _free_r
 .text.sqrtf    0x0800a178       0x3c C:/ST/STM32CubeIDE_1.16.0/STM32CubeIDE/plugins/com.st.stm32cube.ide.mcu.externaltools.gnu-tools-for-stm32.12.3.rel1.win32_1.0.200.202406191623/tools/bin/../lib/gcc/arm-none-eabi/12.3.1/../../../../arm-none-eabi/lib/thumb/v7e-m+fp/hard\libm.a(libm_a-wf_sqrt.o)
                0x0800a178                sqrtf
 .text.__ieee754_sqrtf
                0x0800a1b4        0x6 C:/ST/STM32CubeIDE_1.16.0/STM32CubeIDE/plugins/com.st.stm32cube.ide.mcu.externaltools.gnu-tools-for-stm32.12.3.rel1.win32_1.0.200.202406191623/tools/bin/../lib/gcc/arm-none-eabi/12.3.1/../../../../arm-none-eabi/lib/thumb/v7e-m+fp/hard\libm.a(libm_a-ef_sqrt.o)
                0x0800a1b4                __ieee754_sqrtf
 *fill*         0x0800a1ba        0x6 
 .text.ceil     0x0800a1c0       0xf8 C:/ST/STM32CubeIDE_1.16.0/STM32CubeIDE/plugins/com.st.stm32cube.ide.mcu.externaltools.gnu-tools-for-stm32.12.3.rel1.win32_1.0.200.202406191623/tools/bin/../lib/gcc/arm-none-eabi/12.3.1/../../../../arm-none-eabi/lib/thumb/v7e-m+fp/hard\libm.a(libm_a-s_ceil.o)
                0x0800a1c0                ceil
 *(.glue_7)
 .glue_7        0x0800a2b8        0x0 linker stubs
 *(.glue_7t)
 .glue_7t       0x0800a2b8        0x0 linker stubs
 *(.eh_frame)
 .eh_frame      0x0800a2b8        0x0 C:/ST/STM32CubeIDE_1.16.0/STM32CubeIDE/plugins/com.st.stm32cube.ide.mcu.externaltools.gnu-tools-for-stm32.12.3.rel1.win32_1.0.200.202406191623/tools/bin/../lib/gcc/arm-none-eabi/12.3.1/thumb/v7e-m+fp/hard/crtbegin.o
 *(.init)
 .init          0x0800a2b8        0x4 C:/ST/STM32CubeIDE_1.16.0/STM32CubeIDE/plugins/com.st.stm32cube.ide.mcu.externaltools.gnu-tools-for-stm32.12.3.rel1.win32_1.0.200.202406191623/tools/bin/../lib/gcc/arm-none-eabi/12.3.1/thumb/v7e-m+fp/hard/crti.o
                0x0800a2b8                _init
 .init          0x0800a2bc        0x8 C:/ST/STM32CubeIDE_1.16.0/STM32CubeIDE/plugins/com.st.stm32cube.ide.mcu.externaltools.gnu-tools-for-stm32.12.3.rel1.win32_1.0.200.202406191623/tools/bin/../lib/gcc/arm-none-eabi/12.3.1/thumb/v7e-m+fp/hard/crtn.o
 *(.fini)
 .fini          0x0800a2c4        0x4 C:/ST/STM32CubeIDE_1.16.0/STM32CubeIDE/plugins/com.st.stm32cube.ide.mcu.externaltools.gnu-tools-for-stm32.12.3.rel1.win32_1.0.200.202406191623/tools/bin/../lib/gcc/arm-none-eabi/12.3.1/thumb/v7e-m+fp/hard/crti.o
                0x0800a2c4                _fini
 .fini          0x0800a2c8        0x8 C:/ST/STM32CubeIDE_1.16.0/STM32CubeIDE/plugins/com.st.stm32cube.ide.mcu.externaltools.gnu-tools-for-stm32.12.3.rel1.win32_1.0.200.202406191623/tools/bin/../lib/gcc/arm-none-eabi/12.3.1/thumb/v7e-m+fp/hard/crtn.o
                0x0800a2d0                        . = ALIGN (0x4)
                0x0800a2d0                        _etext = .

.vfp11_veneer   0x0800a2d0        0x0
 .vfp11_veneer  0x0800a2d0        0x0 linker stubs

.v4_bx          0x0800a2d0        0x0
 .v4_bx         0x0800a2d0        0x0 linker stubs

.iplt           0x0800a2d0        0x0
 .iplt          0x0800a2d0        0x0 C:/ST/STM32CubeIDE_1.16.0/STM32CubeIDE/plugins/com.st.stm32cube.ide.mcu.externaltools.gnu-tools-for-stm32.12.3.rel1.win32_1.0.200.202406191623/tools/bin/../lib/gcc/arm-none-eabi/12.3.1/thumb/v7e-m+fp/hard/crtbegin.o

.rodata         0x0800a2d0     0x1e7c
                0x0800a2d0                        . = ALIGN (0x4)
 *(.rodata)
 .rodata        0x0800a2d0      0x13b ./Core/Src/ILI9341.o
 *(.rodata*)
 *fill*         0x0800a40b        0x1 
 .rodata.twiddleCoef_128
                0x0800a40c      0x400 ./Core/Src/arm_common_tables.o
                0x0800a40c                twiddleCoef_128
 .rodata.twiddleCoef_256
                0x0800a80c      0x800 ./Core/Src/arm_common_tables.o
                0x0800a80c                twiddleCoef_256
 .rodata.armBitRevIndexTable128
                0x0800b00c      0x1a0 ./Core/Src/arm_common_tables.o
                0x0800b00c                armBitRevIndexTable128
 .rodata.armBitRevIndexTable256
                0x0800b1ac      0x370 ./Core/Src/arm_common_tables.o
                0x0800b1ac                armBitRevIndexTable256
 .rodata.twiddleCoef_rfft_256
                0x0800b51c      0x400 ./Core/Src/arm_common_tables.o
                0x0800b51c                twiddleCoef_rfft_256
 .rodata.twiddleCoef_rfft_512
                0x0800b91c      0x800 ./Core/Src/arm_common_tables.o
                0x0800b91c                twiddleCoef_rfft_512
 .rodata.AHBPrescTable
                0x0800c11c       0x10 ./Core/Src/system_stm32f3xx.o
                0x0800c11c                AHBPrescTable
 .rodata.aPLLMULFactorTable
                0x0800c12c       0x10 ./Drivers/STM32F3xx_HAL_Driver/Src/stm32f3xx_hal_rcc.o
 .rodata.aPredivFactorTable
                0x0800c13c       0x10 ./Drivers/STM32F3xx_HAL_Driver/Src/stm32f3xx_hal_rcc.o
                0x0800c14c                        . = ALIGN (0x4)

.ARM.extab      0x0800c14c        0x0
                0x0800c14c                        . = ALIGN (0x4)
 *(.ARM.extab* .gnu.linkonce.armextab.*)
                0x0800c14c                        . = ALIGN (0x4)

.ARM            0x0800c14c        0x0
                0x0800c14c                        . = ALIGN (0x4)
                0x0800c14c                        __exidx_start = .
 *(.ARM.exidx*)
                0x0800c14c                        __exidx_end = .
                0x0800c14c                        . = ALIGN (0x4)

.preinit_array  0x0800c14c        0x0
                0x0800c14c                        . = ALIGN (0x4)
                0x0800c14c                        PROVIDE (__preinit_array_start = .)
 *(.preinit_array*)
                0x0800c14c                        PROVIDE (__preinit_array_end = .)
                0x0800c14c                        . = ALIGN (0x4)

.init_array     0x0800c14c        0x4
                0x0800c14c                        . = ALIGN (0x4)
                0x0800c14c                        PROVIDE (__init_array_start = .)
 *(SORT_BY_NAME(.init_array.*))
 *(.init_array*)
 .init_array    0x0800c14c        0x4 C:/ST/STM32CubeIDE_1.16.0/STM32CubeIDE/plugins/com.st.stm32cube.ide.mcu.externaltools.gnu-tools-for-stm32.12.3.rel1.win32_1.0.200.202406191623/tools/bin/../lib/gcc/arm-none-eabi/12.3.1/thumb/v7e-m+fp/hard/crtbegin.o
                0x0800c150                        PROVIDE (__init_array_end = .)
                0x0800c150                        . = ALIGN (0x4)

.fini_array     0x0800c150        0x4
                0x0800c150                        . = ALIGN (0x4)
                [!provide]                        PROVIDE (__fini_array_start = .)
 *(SORT_BY_NAME(.fini_array.*))
 *(.fini_array*)
 .fini_array    0x0800c150        0x4 C:/ST/STM32CubeIDE_1.16.0/STM32CubeIDE/plugins/com.st.stm32cube.ide.mcu.externaltools.gnu-tools-for-stm32.12.3.rel1.win32_1.0.200.202406191623/tools/bin/../lib/gcc/arm-none-eabi/12.3.1/thumb/v7e-m+fp/hard/crtbegin.o
                [!provide]                        PROVIDE (__fini_array_end = .)
                0x0800c154                        . = ALIGN (0x4)
                0x0800c154                        _sidata = LOADADDR (.data)

.rel.dyn        0x0800c154        0x0
 .rel.iplt      0x0800c154        0x0 C:/ST/STM32CubeIDE_1.16.0/STM32CubeIDE/plugins/com.st.stm32cube.ide.mcu.externaltools.gnu-tools-for-stm32.12.3.rel1.win32_1.0.200.202406191623/tools/bin/../lib/gcc/arm-none-eabi/12.3.1/thumb/v7e-m+fp/hard/crtbegin.o

.data           0x20000000       0x64 load address 0x0800c154
                0x20000000                        . = ALIGN (0x4)
                0x20000000                        _sdata = .
 *(.data)
 *(.data*)
 .data.mic_threshold
                0x20000000        0x4 ./Core/Src/stm32f3xx_it.o
                0x20000000                mic_threshold
 .data.click_cooldown
                0x20000004        0x1 ./Core/Src/stm32f3xx_it.o
                0x20000004                click_cooldown
 *fill*         0x20000005        0x3 
 .data.SystemCoreClock
                0x20000008        0x4 ./Core/Src/system_stm32f3xx.o
                0x20000008                SystemCoreClock
 .data.uwTickPrio
                0x2000000c        0x4 ./Drivers/STM32F3xx_HAL_Driver/Src/stm32f3xx_hal.o
                0x2000000c                uwTickPrio
 .data.uwTickFreq
                0x20000010        0x1 ./Drivers/STM32F3xx_HAL_Driver/Src/stm32f3xx_hal.o
                0x20000010                uwTickFreq
 *fill*         0x20000011        0x3 
 .data._impure_ptr
                0x20000014        0x4 C:/ST/STM32CubeIDE_1.16.0/STM32CubeIDE/plugins/com.st.stm32cube.ide.mcu.externaltools.gnu-tools-for-stm32.12.3.rel1.win32_1.0.200.202406191623/tools/bin/../lib/gcc/arm-none-eabi/12.3.1/../../../../arm-none-eabi/lib/thumb/v7e-m+fp/hard\libc_nano.a(libc_a-impure.o)
                0x20000014                _impure_ptr
 .data._impure_data
                0x20000018       0x4c C:/ST/STM32CubeIDE_1.16.0/STM32CubeIDE/plugins/com.st.stm32cube.ide.mcu.externaltools.gnu-tools-for-stm32.12.3.rel1.win32_1.0.200.202406191623/tools/bin/../lib/gcc/arm-none-eabi/12.3.1/../../../../arm-none-eabi/lib/thumb/v7e-m+fp/hard\libc_nano.a(libc_a-impure.o)
                0x20000018                _impure_data
 *(.RamFunc)
 *(.RamFunc*)
                0x20000064                        . = ALIGN (0x4)
                0x20000064                        _edata = .

.igot.plt       0x20000064        0x0 load address 0x0800c1b8
 .igot.plt      0x20000064        0x0 C:/ST/STM32CubeIDE_1.16.0/STM32CubeIDE/plugins/com.st.stm32cube.ide.mcu.externaltools.gnu-tools-for-stm32.12.3.rel1.win32_1.0.200.202406191623/tools/bin/../lib/gcc/arm-none-eabi/12.3.1/thumb/v7e-m+fp/hard/crtbegin.o
                0x20000064                        . = ALIGN (0x4)

.bss            0x20000064     0x1dc4 load address 0x0800c1b8
                0x20000064                        _sbss = .
                0x20000064                        __bss_start__ = _sbss
 *(.bss)
 .bss           0x20000064       0x1c C:/ST/STM32CubeIDE_1.16.0/STM32CubeIDE/plugins/com.st.stm32cube.ide.mcu.externaltools.gnu-tools-for-stm32.12.3.rel1.win32_1.0.200.202406191623/tools/bin/../lib/gcc/arm-none-eabi/12.3.1/thumb/v7e-m+fp/hard/crtbegin.o
 *(.bss*)
 .bss.input_string
                0x20000080        0x4 ./Core/Src/code_tree.o
                0x20000080                input_string
 .bss.input_string_length
                0x20000084        0x4 ./Core/Src/code_tree.o
                0x20000084                input_string_length
 .bss.root      0x20000088        0x4 ./Core/Src/code_tree.o
                0x20000088                root
 .bss.hi2c1     0x2000008c       0x54 ./Core/Src/main.o
                0x2000008c                hi2c1
 .bss.hi2s3     0x200000e0       0x48 ./Core/Src/main.o
                0x200000e0                hi2s3
 .bss.hdma_spi3_rx
                0x20000128       0x44 ./Core/Src/main.o
                0x20000128                hdma_spi3_rx
 .bss.hspi2     0x2000016c       0x64 ./Core/Src/main.o
                0x2000016c                hspi2
 .bss.htim2     0x200001d0       0x4c ./Core/Src/main.o
                0x200001d0                htim2
 .bss.htim6     0x2000021c       0x4c ./Core/Src/main.o
                0x2000021c                htim6
 .bss.ili9341   0x20000268       0x34 ./Core/Src/main.o
                0x20000268                ili9341
 .bss.travel    0x2000029c        0x4 ./Core/Src/main.o
                0x2000029c                travel
 .bss.mtch6102  0x200002a0       0x10 ./Core/Src/main.o
                0x200002a0                mtch6102
 .bss.fft_inst  0x200002b0       0x18 ./Core/Src/main.o
                0x200002b0                fft_inst
 .bss.input_dma
                0x200002c8     0x1000 ./Core/Src/main.o
                0x200002c8                input_dma
 .bss.toggle    0x200012c8        0x1 ./Core/Src/stm32f3xx_it.o
                0x200012c8                toggle
 .bss.end_of_letter_counter
                0x200012c9        0x1 ./Core/Src/stm32f3xx_it.o
                0x200012c9                end_of_letter_counter
 *fill*         0x200012ca        0x2 
 .bss.cur_let   0x200012cc        0x2 ./Core/Src/stm32f3xx_it.o
                0x200012cc                cur_let
 .bss.mic_data_ready
                0x200012ce        0x1 ./Core/Src/stm32f3xx_it.o
                0x200012ce                mic_data_ready
 .bss.mic_mag_ready
                0x200012cf        0x1 ./Core/Src/stm32f3xx_it.o
                0x200012cf                mic_mag_ready
 .bss.input_fft
                0x200012d0      0x400 ./Core/Src/stm32f3xx_it.o
                0x200012d0                input_fft
 .bss.output_fft
                0x200016d0      0x400 ./Core/Src/stm32f3xx_it.o
                0x200016d0                output_fft
 .bss.output_fft_mag
                0x20001ad0      0x200 ./Core/Src/stm32f3xx_it.o
                0x20001ad0                output_fft_mag
 .bss.buf_ptr   0x20001cd0        0x4 ./Core/Src/stm32f3xx_it.o
                0x20001cd0                buf_ptr
 .bss.click_peaks
                0x20001cd4        0x3 ./Core/Src/stm32f3xx_it.o
                0x20001cd4                click_peaks
 .bss.recognized_click
                0x20001cd7        0x1 ./Core/Src/stm32f3xx_it.o
                0x20001cd7                recognized_click
 .bss.__sbrk_heap_end
                0x20001cd8        0x4 ./Core/Src/sysmem.o
 .bss.uwTick    0x20001cdc        0x4 ./Drivers/STM32F3xx_HAL_Driver/Src/stm32f3xx_hal.o
                0x20001cdc                uwTick
 .bss.__malloc_sbrk_start
                0x20001ce0        0x4 C:/ST/STM32CubeIDE_1.16.0/STM32CubeIDE/plugins/com.st.stm32cube.ide.mcu.externaltools.gnu-tools-for-stm32.12.3.rel1.win32_1.0.200.202406191623/tools/bin/../lib/gcc/arm-none-eabi/12.3.1/../../../../arm-none-eabi/lib/thumb/v7e-m+fp/hard\libc_nano.a(libc_a-mallocr.o)
                0x20001ce0                __malloc_sbrk_start
 .bss.__malloc_free_list
                0x20001ce4        0x4 C:/ST/STM32CubeIDE_1.16.0/STM32CubeIDE/plugins/com.st.stm32cube.ide.mcu.externaltools.gnu-tools-for-stm32.12.3.rel1.win32_1.0.200.202406191623/tools/bin/../lib/gcc/arm-none-eabi/12.3.1/../../../../arm-none-eabi/lib/thumb/v7e-m+fp/hard\libc_nano.a(libc_a-mallocr.o)
                0x20001ce4                __malloc_free_list
 .bss.__sf      0x20001ce8      0x138 C:/ST/STM32CubeIDE_1.16.0/STM32CubeIDE/plugins/com.st.stm32cube.ide.mcu.externaltools.gnu-tools-for-stm32.12.3.rel1.win32_1.0.200.202406191623/tools/bin/../lib/gcc/arm-none-eabi/12.3.1/../../../../arm-none-eabi/lib/thumb/v7e-m+fp/hard\libc_nano.a(libc_a-findfp.o)
                0x20001ce8                __sf
 .bss.errno     0x20001e20        0x4 C:/ST/STM32CubeIDE_1.16.0/STM32CubeIDE/plugins/com.st.stm32cube.ide.mcu.externaltools.gnu-tools-for-stm32.12.3.rel1.win32_1.0.200.202406191623/tools/bin/../lib/gcc/arm-none-eabi/12.3.1/../../../../arm-none-eabi/lib/thumb/v7e-m+fp/hard\libc_nano.a(libc_a-reent.o)
                0x20001e20                errno
 .bss.__lock___malloc_recursive_mutex
                0x20001e24        0x1 C:/ST/STM32CubeIDE_1.16.0/STM32CubeIDE/plugins/com.st.stm32cube.ide.mcu.externaltools.gnu-tools-for-stm32.12.3.rel1.win32_1.0.200.202406191623/tools/bin/../lib/gcc/arm-none-eabi/12.3.1/../../../../arm-none-eabi/lib/thumb/v7e-m+fp/hard\libc_nano.a(libc_a-lock.o)
                0x20001e24                __lock___malloc_recursive_mutex
 *(COMMON)
                0x20001e28                        . = ALIGN (0x4)
 *fill*         0x20001e25        0x3 
                0x20001e28                        _ebss = .
                0x20001e28                        __bss_end__ = _ebss

._user_heap_stack
                0x20001e28      0x600 load address 0x0800c1b8
                0x20001e28                        . = ALIGN (0x8)
                [!provide]                        PROVIDE (end = .)
                0x20001e28                        PROVIDE (_end = .)
                0x20002028                        . = (. + _Min_Heap_Size)
 *fill*         0x20001e28      0x200 
                0x20002428                        . = (. + _Min_Stack_Size)
 *fill*         0x20002028      0x400 
                0x20002428                        . = ALIGN (0x8)

/DISCARD/
 libc.a(*)
 libm.a(*)
 libgcc.a(*)

.ARM.attributes
                0x00000000       0x30
 *(.ARM.attributes)
 .ARM.attributes
                0x00000000       0x22 C:/ST/STM32CubeIDE_1.16.0/STM32CubeIDE/plugins/com.st.stm32cube.ide.mcu.externaltools.gnu-tools-for-stm32.12.3.rel1.win32_1.0.200.202406191623/tools/bin/../lib/gcc/arm-none-eabi/12.3.1/thumb/v7e-m+fp/hard/crti.o
 .ARM.attributes
                0x00000022       0x34 C:/ST/STM32CubeIDE_1.16.0/STM32CubeIDE/plugins/com.st.stm32cube.ide.mcu.externaltools.gnu-tools-for-stm32.12.3.rel1.win32_1.0.200.202406191623/tools/bin/../lib/gcc/arm-none-eabi/12.3.1/thumb/v7e-m+fp/hard/crtbegin.o
 .ARM.attributes
                0x00000056       0x34 ./Core/Src/ILI9341.o
 .ARM.attributes
                0x0000008a       0x34 ./Core/Src/MTCH6102.o
 .ARM.attributes
                0x000000be       0x20 ./Core/Src/arm_bitreversal2.o
 .ARM.attributes
                0x000000de       0x34 ./Core/Src/arm_cfft_f32.o
 .ARM.attributes
                0x00000112       0x34 ./Core/Src/arm_cfft_radix8_f32.o
 .ARM.attributes
                0x00000146       0x34 ./Core/Src/arm_cmplx_mag_f32.o
 .ARM.attributes
                0x0000017a       0x34 ./Core/Src/arm_common_tables.o
 .ARM.attributes
                0x000001ae       0x34 ./Core/Src/arm_rfft_fast_f32.o
 .ARM.attributes
                0x000001e2       0x34 ./Core/Src/arm_rfft_fast_init_f32.o
 .ARM.attributes
                0x00000216       0x34 ./Core/Src/code_tree.o
 .ARM.attributes
                0x0000024a       0x34 ./Core/Src/main.o
 .ARM.attributes
                0x0000027e       0x34 ./Core/Src/stm32f3xx_hal_msp.o
 .ARM.attributes
                0x000002b2       0x34 ./Core/Src/stm32f3xx_it.o
 .ARM.attributes
                0x000002e6       0x34 ./Core/Src/sysmem.o
 .ARM.attributes
                0x0000031a       0x34 ./Core/Src/system_stm32f3xx.o
 .ARM.attributes
                0x0000034e       0x21 ./Core/Startup/startup_stm32f302r8tx.o
 .ARM.attributes
                0x0000036f       0x34 ./Drivers/STM32F3xx_HAL_Driver/Src/stm32f3xx_hal.o
 .ARM.attributes
                0x000003a3       0x34 ./Drivers/STM32F3xx_HAL_Driver/Src/stm32f3xx_hal_cortex.o
 .ARM.attributes
                0x000003d7       0x34 ./Drivers/STM32F3xx_HAL_Driver/Src/stm32f3xx_hal_dma.o
 .ARM.attributes
                0x0000040b       0x34 ./Drivers/STM32F3xx_HAL_Driver/Src/stm32f3xx_hal_gpio.o
 .ARM.attributes
                0x0000043f       0x34 ./Drivers/STM32F3xx_HAL_Driver/Src/stm32f3xx_hal_i2c.o
 .ARM.attributes
                0x00000473       0x34 ./Drivers/STM32F3xx_HAL_Driver/Src/stm32f3xx_hal_i2c_ex.o
 .ARM.attributes
                0x000004a7       0x34 ./Drivers/STM32F3xx_HAL_Driver/Src/stm32f3xx_hal_i2s.o
 .ARM.attributes
                0x000004db       0x34 ./Drivers/STM32F3xx_HAL_Driver/Src/stm32f3xx_hal_i2s_ex.o
 .ARM.attributes
                0x0000050f       0x34 ./Drivers/STM32F3xx_HAL_Driver/Src/stm32f3xx_hal_rcc.o
 .ARM.attributes
                0x00000543       0x34 ./Drivers/STM32F3xx_HAL_Driver/Src/stm32f3xx_hal_rcc_ex.o
 .ARM.attributes
                0x00000577       0x34 ./Drivers/STM32F3xx_HAL_Driver/Src/stm32f3xx_hal_spi.o
 .ARM.attributes
                0x000005ab       0x34 ./Drivers/STM32F3xx_HAL_Driver/Src/stm32f3xx_hal_tim.o
 .ARM.attributes
                0x000005df       0x34 ./Drivers/STM32F3xx_HAL_Driver/Src/stm32f3xx_hal_tim_ex.o
 .ARM.attributes
                0x00000613       0x34 C:/ST/STM32CubeIDE_1.16.0/STM32CubeIDE/plugins/com.st.stm32cube.ide.mcu.externaltools.gnu-tools-for-stm32.12.3.rel1.win32_1.0.200.202406191623/tools/bin/../lib/gcc/arm-none-eabi/12.3.1/../../../../arm-none-eabi/lib/thumb/v7e-m+fp/hard\libc_nano.a(libc_a-calloc.o)
 .ARM.attributes
                0x00000647       0x34 C:/ST/STM32CubeIDE_1.16.0/STM32CubeIDE/plugins/com.st.stm32cube.ide.mcu.externaltools.gnu-tools-for-stm32.12.3.rel1.win32_1.0.200.202406191623/tools/bin/../lib/gcc/arm-none-eabi/12.3.1/../../../../arm-none-eabi/lib/thumb/v7e-m+fp/hard\libc_nano.a(libc_a-callocr.o)
 .ARM.attributes
                0x0000067b       0x34 C:/ST/STM32CubeIDE_1.16.0/STM32CubeIDE/plugins/com.st.stm32cube.ide.mcu.externaltools.gnu-tools-for-stm32.12.3.rel1.win32_1.0.200.202406191623/tools/bin/../lib/gcc/arm-none-eabi/12.3.1/../../../../arm-none-eabi/lib/thumb/v7e-m+fp/hard\libc_nano.a(libc_a-malloc.o)
 .ARM.attributes
                0x000006af       0x34 C:/ST/STM32CubeIDE_1.16.0/STM32CubeIDE/plugins/com.st.stm32cube.ide.mcu.externaltools.gnu-tools-for-stm32.12.3.rel1.win32_1.0.200.202406191623/tools/bin/../lib/gcc/arm-none-eabi/12.3.1/../../../../arm-none-eabi/lib/thumb/v7e-m+fp/hard\libc_nano.a(libc_a-mallocr.o)
 .ARM.attributes
                0x000006e3       0x34 C:/ST/STM32CubeIDE_1.16.0/STM32CubeIDE/plugins/com.st.stm32cube.ide.mcu.externaltools.gnu-tools-for-stm32.12.3.rel1.win32_1.0.200.202406191623/tools/bin/../lib/gcc/arm-none-eabi/12.3.1/../../../../arm-none-eabi/lib/thumb/v7e-m+fp/hard\libc_nano.a(libc_a-mlock.o)
 .ARM.attributes
                0x00000717       0x34 C:/ST/STM32CubeIDE_1.16.0/STM32CubeIDE/plugins/com.st.stm32cube.ide.mcu.externaltools.gnu-tools-for-stm32.12.3.rel1.win32_1.0.200.202406191623/tools/bin/../lib/gcc/arm-none-eabi/12.3.1/../../../../arm-none-eabi/lib/thumb/v7e-m+fp/hard\libc_nano.a(libc_a-findfp.o)
 .ARM.attributes
                0x0000074b       0x34 C:/ST/STM32CubeIDE_1.16.0/STM32CubeIDE/plugins/com.st.stm32cube.ide.mcu.externaltools.gnu-tools-for-stm32.12.3.rel1.win32_1.0.200.202406191623/tools/bin/../lib/gcc/arm-none-eabi/12.3.1/../../../../arm-none-eabi/lib/thumb/v7e-m+fp/hard\libc_nano.a(libc_a-memset.o)
 .ARM.attributes
                0x0000077f       0x34 C:/ST/STM32CubeIDE_1.16.0/STM32CubeIDE/plugins/com.st.stm32cube.ide.mcu.externaltools.gnu-tools-for-stm32.12.3.rel1.win32_1.0.200.202406191623/tools/bin/../lib/gcc/arm-none-eabi/12.3.1/../../../../arm-none-eabi/lib/thumb/v7e-m+fp/hard\libc_nano.a(libc_a-reent.o)
 .ARM.attributes
                0x000007b3       0x34 C:/ST/STM32CubeIDE_1.16.0/STM32CubeIDE/plugins/com.st.stm32cube.ide.mcu.externaltools.gnu-tools-for-stm32.12.3.rel1.win32_1.0.200.202406191623/tools/bin/../lib/gcc/arm-none-eabi/12.3.1/../../../../arm-none-eabi/lib/thumb/v7e-m+fp/hard\libc_nano.a(libc_a-impure.o)
 .ARM.attributes
                0x000007e7       0x34 C:/ST/STM32CubeIDE_1.16.0/STM32CubeIDE/plugins/com.st.stm32cube.ide.mcu.externaltools.gnu-tools-for-stm32.12.3.rel1.win32_1.0.200.202406191623/tools/bin/../lib/gcc/arm-none-eabi/12.3.1/../../../../arm-none-eabi/lib/thumb/v7e-m+fp/hard\libc_nano.a(libc_a-sbrkr.o)
 .ARM.attributes
                0x0000081b       0x34 C:/ST/STM32CubeIDE_1.16.0/STM32CubeIDE/plugins/com.st.stm32cube.ide.mcu.externaltools.gnu-tools-for-stm32.12.3.rel1.win32_1.0.200.202406191623/tools/bin/../lib/gcc/arm-none-eabi/12.3.1/../../../../arm-none-eabi/lib/thumb/v7e-m+fp/hard\libc_nano.a(libc_a-errno.o)
 .ARM.attributes
                0x0000084f       0x34 C:/ST/STM32CubeIDE_1.16.0/STM32CubeIDE/plugins/com.st.stm32cube.ide.mcu.externaltools.gnu-tools-for-stm32.12.3.rel1.win32_1.0.200.202406191623/tools/bin/../lib/gcc/arm-none-eabi/12.3.1/../../../../arm-none-eabi/lib/thumb/v7e-m+fp/hard\libc_nano.a(libc_a-init.o)
 .ARM.attributes
                0x00000883       0x34 C:/ST/STM32CubeIDE_1.16.0/STM32CubeIDE/plugins/com.st.stm32cube.ide.mcu.externaltools.gnu-tools-for-stm32.12.3.rel1.win32_1.0.200.202406191623/tools/bin/../lib/gcc/arm-none-eabi/12.3.1/../../../../arm-none-eabi/lib/thumb/v7e-m+fp/hard\libc_nano.a(libc_a-lock.o)
 .ARM.attributes
                0x000008b7       0x34 C:/ST/STM32CubeIDE_1.16.0/STM32CubeIDE/plugins/com.st.stm32cube.ide.mcu.externaltools.gnu-tools-for-stm32.12.3.rel1.win32_1.0.200.202406191623/tools/bin/../lib/gcc/arm-none-eabi/12.3.1/../../../../arm-none-eabi/lib/thumb/v7e-m+fp/hard\libc_nano.a(libc_a-freer.o)
 .ARM.attributes
                0x000008eb       0x34 C:/ST/STM32CubeIDE_1.16.0/STM32CubeIDE/plugins/com.st.stm32cube.ide.mcu.externaltools.gnu-tools-for-stm32.12.3.rel1.win32_1.0.200.202406191623/tools/bin/../lib/gcc/arm-none-eabi/12.3.1/../../../../arm-none-eabi/lib/thumb/v7e-m+fp/hard\libm.a(libm_a-wf_sqrt.o)
 .ARM.attributes
                0x0000091f       0x34 C:/ST/STM32CubeIDE_1.16.0/STM32CubeIDE/plugins/com.st.stm32cube.ide.mcu.externaltools.gnu-tools-for-stm32.12.3.rel1.win32_1.0.200.202406191623/tools/bin/../lib/gcc/arm-none-eabi/12.3.1/../../../../arm-none-eabi/lib/thumb/v7e-m+fp/hard\libm.a(libm_a-ef_sqrt.o)
 .ARM.attributes
                0x00000953       0x34 C:/ST/STM32CubeIDE_1.16.0/STM32CubeIDE/plugins/com.st.stm32cube.ide.mcu.externaltools.gnu-tools-for-stm32.12.3.rel1.win32_1.0.200.202406191623/tools/bin/../lib/gcc/arm-none-eabi/12.3.1/../../../../arm-none-eabi/lib/thumb/v7e-m+fp/hard\libm.a(libm_a-s_ceil.o)
 .ARM.attributes
                0x00000987       0x22 C:/ST/STM32CubeIDE_1.16.0/STM32CubeIDE/plugins/com.st.stm32cube.ide.mcu.externaltools.gnu-tools-for-stm32.12.3.rel1.win32_1.0.200.202406191623/tools/bin/../lib/gcc/arm-none-eabi/12.3.1/thumb/v7e-m+fp/hard\libgcc.a(_arm_addsubdf3.o)
 .ARM.attributes
                0x000009a9       0x22 C:/ST/STM32CubeIDE_1.16.0/STM32CubeIDE/plugins/com.st.stm32cube.ide.mcu.externaltools.gnu-tools-for-stm32.12.3.rel1.win32_1.0.200.202406191623/tools/bin/../lib/gcc/arm-none-eabi/12.3.1/thumb/v7e-m+fp/hard\libgcc.a(_arm_cmpdf2.o)
 .ARM.attributes
                0x000009cb       0x22 C:/ST/STM32CubeIDE_1.16.0/STM32CubeIDE/plugins/com.st.stm32cube.ide.mcu.externaltools.gnu-tools-for-stm32.12.3.rel1.win32_1.0.200.202406191623/tools/bin/../lib/gcc/arm-none-eabi/12.3.1/thumb/v7e-m+fp/hard\libgcc.a(_arm_fixunsdfsi.o)
 .ARM.attributes
                0x000009ed       0x22 C:/ST/STM32CubeIDE_1.16.0/STM32CubeIDE/plugins/com.st.stm32cube.ide.mcu.externaltools.gnu-tools-for-stm32.12.3.rel1.win32_1.0.200.202406191623/tools/bin/../lib/gcc/arm-none-eabi/12.3.1/thumb/v7e-m+fp/hard/crtn.o
OUTPUT(All components together.elf elf32-littlearm)
LOAD linker stubs
LOAD C:/ST/STM32CubeIDE_1.16.0/STM32CubeIDE/plugins/com.st.stm32cube.ide.mcu.externaltools.gnu-tools-for-stm32.12.3.rel1.win32_1.0.200.202406191623/tools/bin/../lib/gcc/arm-none-eabi/12.3.1/../../../../arm-none-eabi/lib/thumb/v7e-m+fp/hard\libc.a
LOAD C:/ST/STM32CubeIDE_1.16.0/STM32CubeIDE/plugins/com.st.stm32cube.ide.mcu.externaltools.gnu-tools-for-stm32.12.3.rel1.win32_1.0.200.202406191623/tools/bin/../lib/gcc/arm-none-eabi/12.3.1/../../../../arm-none-eabi/lib/thumb/v7e-m+fp/hard\libm.a
LOAD C:/ST/STM32CubeIDE_1.16.0/STM32CubeIDE/plugins/com.st.stm32cube.ide.mcu.externaltools.gnu-tools-for-stm32.12.3.rel1.win32_1.0.200.202406191623/tools/bin/../lib/gcc/arm-none-eabi/12.3.1/thumb/v7e-m+fp/hard\libgcc.a

.debug_info     0x00000000    0x150a4
 .debug_info    0x00000000     0x10d7 ./Core/Src/ILI9341.o
 .debug_info    0x000010d7      0x91d ./Core/Src/MTCH6102.o
 .debug_info    0x000019f4       0x25 ./Core/Src/arm_bitreversal2.o
 .debug_info    0x00001a19      0x55a ./Core/Src/arm_cfft_f32.o
 .debug_info    0x00001f73      0x43f ./Core/Src/arm_cfft_radix8_f32.o
 .debug_info    0x000023b2      0x19f ./Core/Src/arm_cmplx_mag_f32.o
 .debug_info    0x00002551      0x4b8 ./Core/Src/arm_common_tables.o
 .debug_info    0x00002a09      0x443 ./Core/Src/arm_rfft_fast_f32.o
 .debug_info    0x00002e4c      0x28c ./Core/Src/arm_rfft_fast_init_f32.o
 .debug_info    0x000030d8      0x2cf ./Core/Src/code_tree.o
 .debug_info    0x000033a7     0x1bd5 ./Core/Src/main.o
 .debug_info    0x00004f7c     0x1452 ./Core/Src/stm32f3xx_hal_msp.o
 .debug_info    0x000063ce     0x1646 ./Core/Src/stm32f3xx_it.o
 .debug_info    0x00007a14      0x168 ./Core/Src/sysmem.o
 .debug_info    0x00007b7c      0x407 ./Core/Src/system_stm32f3xx.o
 .debug_info    0x00007f83       0x30 ./Core/Startup/startup_stm32f302r8tx.o
 .debug_info    0x00007fb3      0x774 ./Drivers/STM32F3xx_HAL_Driver/Src/stm32f3xx_hal.o
 .debug_info    0x00008727      0xab1 ./Drivers/STM32F3xx_HAL_Driver/Src/stm32f3xx_hal_cortex.o
 .debug_info    0x000091d8      0x6e1 ./Drivers/STM32F3xx_HAL_Driver/Src/stm32f3xx_hal_dma.o
 .debug_info    0x000098b9      0x5fe ./Drivers/STM32F3xx_HAL_Driver/Src/stm32f3xx_hal_gpio.o
 .debug_info    0x00009eb7     0x20c3 ./Drivers/STM32F3xx_HAL_Driver/Src/stm32f3xx_hal_i2c.o
 .debug_info    0x0000bf7a      0x818 ./Drivers/STM32F3xx_HAL_Driver/Src/stm32f3xx_hal_i2c_ex.o
 .debug_info    0x0000c792      0xead ./Drivers/STM32F3xx_HAL_Driver/Src/stm32f3xx_hal_i2s.o
 .debug_info    0x0000d63f      0xa4c ./Drivers/STM32F3xx_HAL_Driver/Src/stm32f3xx_hal_i2s_ex.o
 .debug_info    0x0000e08b     0x148a ./Drivers/STM32F3xx_HAL_Driver/Src/stm32f3xx_hal_rcc.o
 .debug_info    0x0000f515      0x590 ./Drivers/STM32F3xx_HAL_Driver/Src/stm32f3xx_hal_rcc_ex.o
 .debug_info    0x0000faa5     0x1622 ./Drivers/STM32F3xx_HAL_Driver/Src/stm32f3xx_hal_spi.o
 .debug_info    0x000110c7     0x2a70 ./Drivers/STM32F3xx_HAL_Driver/Src/stm32f3xx_hal_tim.o
 .debug_info    0x00013b37     0x156d ./Drivers/STM32F3xx_HAL_Driver/Src/stm32f3xx_hal_tim_ex.o

.debug_abbrev   0x00000000     0x3452
 .debug_abbrev  0x00000000      0x283 ./Core/Src/ILI9341.o
 .debug_abbrev  0x00000283      0x202 ./Core/Src/MTCH6102.o
 .debug_abbrev  0x00000485       0x14 ./Core/Src/arm_bitreversal2.o
 .debug_abbrev  0x00000499      0x164 ./Core/Src/arm_cfft_f32.o
 .debug_abbrev  0x000005fd       0x98 ./Core/Src/arm_cfft_radix8_f32.o
 .debug_abbrev  0x00000695       0xf3 ./Core/Src/arm_cmplx_mag_f32.o
 .debug_abbrev  0x00000788       0x9c ./Core/Src/arm_common_tables.o
 .debug_abbrev  0x00000824      0x166 ./Core/Src/arm_rfft_fast_f32.o
 .debug_abbrev  0x0000098a      0x123 ./Core/Src/arm_rfft_fast_init_f32.o
 .debug_abbrev  0x00000aad      0x187 ./Core/Src/code_tree.o
 .debug_abbrev  0x00000c34      0x2cb ./Core/Src/main.o
 .debug_abbrev  0x00000eff      0x24a ./Core/Src/stm32f3xx_hal_msp.o
 .debug_abbrev  0x00001149      0x2ba ./Core/Src/stm32f3xx_it.o
 .debug_abbrev  0x00001403       0xbc ./Core/Src/sysmem.o
 .debug_abbrev  0x000014bf      0x11a ./Core/Src/system_stm32f3xx.o
 .debug_abbrev  0x000015d9       0x24 ./Core/Startup/startup_stm32f302r8tx.o
 .debug_abbrev  0x000015fd      0x215 ./Drivers/STM32F3xx_HAL_Driver/Src/stm32f3xx_hal.o
 .debug_abbrev  0x00001812      0x2f8 ./Drivers/STM32F3xx_HAL_Driver/Src/stm32f3xx_hal_cortex.o
 .debug_abbrev  0x00001b0a      0x20d ./Drivers/STM32F3xx_HAL_Driver/Src/stm32f3xx_hal_dma.o
 .debug_abbrev  0x00001d17      0x1ca ./Drivers/STM32F3xx_HAL_Driver/Src/stm32f3xx_hal_gpio.o
 .debug_abbrev  0x00001ee1      0x260 ./Drivers/STM32F3xx_HAL_Driver/Src/stm32f3xx_hal_i2c.o
 .debug_abbrev  0x00002141      0x1c2 ./Drivers/STM32F3xx_HAL_Driver/Src/stm32f3xx_hal_i2c_ex.o
 .debug_abbrev  0x00002303      0x253 ./Drivers/STM32F3xx_HAL_Driver/Src/stm32f3xx_hal_i2s.o
 .debug_abbrev  0x00002556      0x277 ./Drivers/STM32F3xx_HAL_Driver/Src/stm32f3xx_hal_i2s_ex.o
 .debug_abbrev  0x000027cd      0x300 ./Drivers/STM32F3xx_HAL_Driver/Src/stm32f3xx_hal_rcc.o
 .debug_abbrev  0x00002acd      0x221 ./Drivers/STM32F3xx_HAL_Driver/Src/stm32f3xx_hal_rcc_ex.o
 .debug_abbrev  0x00002cee      0x269 ./Drivers/STM32F3xx_HAL_Driver/Src/stm32f3xx_hal_spi.o
 .debug_abbrev  0x00002f57      0x278 ./Drivers/STM32F3xx_HAL_Driver/Src/stm32f3xx_hal_tim.o
 .debug_abbrev  0x000031cf      0x283 ./Drivers/STM32F3xx_HAL_Driver/Src/stm32f3xx_hal_tim_ex.o

.debug_aranges  0x00000000     0x1348
 .debug_aranges
                0x00000000       0xa8 ./Core/Src/ILI9341.o
 .debug_aranges
                0x000000a8       0x58 ./Core/Src/MTCH6102.o
 .debug_aranges
                0x00000100       0x20 ./Core/Src/arm_bitreversal2.o
 .debug_aranges
                0x00000120       0x30 ./Core/Src/arm_cfft_f32.o
 .debug_aranges
                0x00000150       0x20 ./Core/Src/arm_cfft_radix8_f32.o
 .debug_aranges
                0x00000170       0x28 ./Core/Src/arm_cmplx_mag_f32.o
 .debug_aranges
                0x00000198       0x18 ./Core/Src/arm_common_tables.o
 .debug_aranges
                0x000001b0       0x30 ./Core/Src/arm_rfft_fast_f32.o
 .debug_aranges
                0x000001e0       0x20 ./Core/Src/arm_rfft_fast_init_f32.o
 .debug_aranges
                0x00000200       0x48 ./Core/Src/code_tree.o
 .debug_aranges
                0x00000248       0x68 ./Core/Src/main.o
 .debug_aranges
                0x000002b0       0x60 ./Core/Src/stm32f3xx_hal_msp.o
 .debug_aranges
                0x00000310       0xa0 ./Core/Src/stm32f3xx_it.o
 .debug_aranges
                0x000003b0       0x20 ./Core/Src/sysmem.o
 .debug_aranges
                0x000003d0       0x28 ./Core/Src/system_stm32f3xx.o
 .debug_aranges
                0x000003f8       0x28 ./Core/Startup/startup_stm32f302r8tx.o
 .debug_aranges
                0x00000420       0xe0 ./Drivers/STM32F3xx_HAL_Driver/Src/stm32f3xx_hal.o
 .debug_aranges
                0x00000500      0x100 ./Drivers/STM32F3xx_HAL_Driver/Src/stm32f3xx_hal_cortex.o
 .debug_aranges
                0x00000600       0x88 ./Drivers/STM32F3xx_HAL_Driver/Src/stm32f3xx_hal_dma.o
 .debug_aranges
                0x00000688       0x58 ./Drivers/STM32F3xx_HAL_Driver/Src/stm32f3xx_hal_gpio.o
 .debug_aranges
                0x000006e0      0x2a0 ./Drivers/STM32F3xx_HAL_Driver/Src/stm32f3xx_hal_i2c.o
 .debug_aranges
                0x00000980       0x48 ./Drivers/STM32F3xx_HAL_Driver/Src/stm32f3xx_hal_i2c_ex.o
 .debug_aranges
                0x000009c8      0x108 ./Drivers/STM32F3xx_HAL_Driver/Src/stm32f3xx_hal_i2s.o
 .debug_aranges
                0x00000ad0       0x88 ./Drivers/STM32F3xx_HAL_Driver/Src/stm32f3xx_hal_i2s_ex.o
 .debug_aranges
                0x00000b58       0x88 ./Drivers/STM32F3xx_HAL_Driver/Src/stm32f3xx_hal_rcc.o
 .debug_aranges
                0x00000be0       0x38 ./Drivers/STM32F3xx_HAL_Driver/Src/stm32f3xx_hal_rcc_ex.o
 .debug_aranges
                0x00000c18      0x1d8 ./Drivers/STM32F3xx_HAL_Driver/Src/stm32f3xx_hal_spi.o
 .debug_aranges
                0x00000df0      0x3e0 ./Drivers/STM32F3xx_HAL_Driver/Src/stm32f3xx_hal_tim.o
 .debug_aranges
                0x000011d0      0x178 ./Drivers/STM32F3xx_HAL_Driver/Src/stm32f3xx_hal_tim_ex.o

.debug_rnglists
                0x00000000      0xec3
 .debug_rnglists
                0x00000000       0x86 ./Core/Src/ILI9341.o
 .debug_rnglists
                0x00000086       0x3e ./Core/Src/MTCH6102.o
 .debug_rnglists
                0x000000c4       0x22 ./Core/Src/arm_cfft_f32.o
 .debug_rnglists
                0x000000e6       0x14 ./Core/Src/arm_cfft_radix8_f32.o
 .debug_rnglists
                0x000000fa       0x1a ./Core/Src/arm_cmplx_mag_f32.o
 .debug_rnglists
                0x00000114       0x21 ./Core/Src/arm_rfft_fast_f32.o
 .debug_rnglists
                0x00000135       0x14 ./Core/Src/arm_rfft_fast_init_f32.o
 .debug_rnglists
                0x00000149       0x32 ./Core/Src/code_tree.o
 .debug_rnglists
                0x0000017b       0x4e ./Core/Src/main.o
 .debug_rnglists
                0x000001c9       0x47 ./Core/Src/stm32f3xx_hal_msp.o
 .debug_rnglists
                0x00000210       0x75 ./Core/Src/stm32f3xx_it.o
 .debug_rnglists
                0x00000285       0x13 ./Core/Src/sysmem.o
 .debug_rnglists
                0x00000298       0x1a ./Core/Src/system_stm32f3xx.o
 .debug_rnglists
                0x000002b2       0x19 ./Core/Startup/startup_stm32f302r8tx.o
 .debug_rnglists
                0x000002cb       0xa3 ./Drivers/STM32F3xx_HAL_Driver/Src/stm32f3xx_hal.o
 .debug_rnglists
                0x0000036e       0xbb ./Drivers/STM32F3xx_HAL_Driver/Src/stm32f3xx_hal_cortex.o
 .debug_rnglists
                0x00000429       0x69 ./Drivers/STM32F3xx_HAL_Driver/Src/stm32f3xx_hal_dma.o
 .debug_rnglists
                0x00000492       0x3f ./Drivers/STM32F3xx_HAL_Driver/Src/stm32f3xx_hal_gpio.o
 .debug_rnglists
                0x000004d1      0x228 ./Drivers/STM32F3xx_HAL_Driver/Src/stm32f3xx_hal_i2c.o
 .debug_rnglists
                0x000006f9       0x35 ./Drivers/STM32F3xx_HAL_Driver/Src/stm32f3xx_hal_i2c_ex.o
 .debug_rnglists
                0x0000072e       0xcc ./Drivers/STM32F3xx_HAL_Driver/Src/stm32f3xx_hal_i2s.o
 .debug_rnglists
                0x000007fa       0x6a ./Drivers/STM32F3xx_HAL_Driver/Src/stm32f3xx_hal_i2s_ex.o
 .debug_rnglists
                0x00000864       0x66 ./Drivers/STM32F3xx_HAL_Driver/Src/stm32f3xx_hal_rcc.o
 .debug_rnglists
                0x000008ca       0x28 ./Drivers/STM32F3xx_HAL_Driver/Src/stm32f3xx_hal_rcc_ex.o
 .debug_rnglists
                0x000008f2      0x178 ./Drivers/STM32F3xx_HAL_Driver/Src/stm32f3xx_hal_spi.o
 .debug_rnglists
                0x00000a6a      0x328 ./Drivers/STM32F3xx_HAL_Driver/Src/stm32f3xx_hal_tim.o
 .debug_rnglists
                0x00000d92      0x131 ./Drivers/STM32F3xx_HAL_Driver/Src/stm32f3xx_hal_tim_ex.o

.debug_macro    0x00000000    0x1e206
 .debug_macro   0x00000000      0x33a ./Core/Src/ILI9341.o
 .debug_macro   0x0000033a      0xac0 ./Core/Src/ILI9341.o
 .debug_macro   0x00000dfa      0x15d ./Core/Src/ILI9341.o
 .debug_macro   0x00000f57       0x2e ./Core/Src/ILI9341.o
 .debug_macro   0x00000f85       0x28 ./Core/Src/ILI9341.o
 .debug_macro   0x00000fad       0x22 ./Core/Src/ILI9341.o
 .debug_macro   0x00000fcf       0x8e ./Core/Src/ILI9341.o
 .debug_macro   0x0000105d       0x51 ./Core/Src/ILI9341.o
 .debug_macro   0x000010ae      0x103 ./Core/Src/ILI9341.o
 .debug_macro   0x000011b1       0x6a ./Core/Src/ILI9341.o
 .debug_macro   0x0000121b      0x1df ./Core/Src/ILI9341.o
 .debug_macro   0x000013fa       0x1c ./Core/Src/ILI9341.o
 .debug_macro   0x00001416       0x22 ./Core/Src/ILI9341.o
 .debug_macro   0x00001438       0xd9 ./Core/Src/ILI9341.o
 .debug_macro   0x00001511      0xf07 ./Core/Src/ILI9341.o
 .debug_macro   0x00002418    0x110e8 ./Core/Src/ILI9341.o
 .debug_macro   0x00013500       0x6d ./Core/Src/ILI9341.o
 .debug_macro   0x0001356d     0x3574 ./Core/Src/ILI9341.o
 .debug_macro   0x00016ae1      0x189 ./Core/Src/ILI9341.o
 .debug_macro   0x00016c6a       0x55 ./Core/Src/ILI9341.o
 .debug_macro   0x00016cbf      0x8f8 ./Core/Src/ILI9341.o
 .debug_macro   0x000175b7      0x41b ./Core/Src/ILI9341.o
 .debug_macro   0x000179d2      0x1b5 ./Core/Src/ILI9341.o
 .debug_macro   0x00017b87      0x161 ./Core/Src/ILI9341.o
 .debug_macro   0x00017ce8      0x1d5 ./Core/Src/ILI9341.o
 .debug_macro   0x00017ebd      0x1bc ./Core/Src/ILI9341.o
 .debug_macro   0x00018079       0x34 ./Core/Src/ILI9341.o
 .debug_macro   0x000180ad       0x3c ./Core/Src/ILI9341.o
 .debug_macro   0x000180e9       0x57 ./Core/Src/ILI9341.o
 .debug_macro   0x00018140       0xc5 ./Core/Src/ILI9341.o
 .debug_macro   0x00018205      0x19f ./Core/Src/ILI9341.o
 .debug_macro   0x000183a4      0x22c ./Core/Src/ILI9341.o
 .debug_macro   0x000185d0       0x5b ./Core/Src/ILI9341.o
 .debug_macro   0x0001862b       0xa5 ./Core/Src/ILI9341.o
 .debug_macro   0x000186d0      0x1a7 ./Core/Src/ILI9341.o
 .debug_macro   0x00018877       0x46 ./Core/Src/ILI9341.o
 .debug_macro   0x000188bd       0x4a ./Core/Src/ILI9341.o
 .debug_macro   0x00018907       0x81 ./Core/Src/ILI9341.o
 .debug_macro   0x00018988       0xd3 ./Core/Src/ILI9341.o
 .debug_macro   0x00018a5b      0x2fe ./Core/Src/ILI9341.o
 .debug_macro   0x00018d59      0xa60 ./Core/Src/ILI9341.o
 .debug_macro   0x000197b9       0x41 ./Core/Src/ILI9341.o
 .debug_macro   0x000197fa      0x1f7 ./Core/Src/ILI9341.o
 .debug_macro   0x000199f1       0x22 ./Core/Src/ILI9341.o
 .debug_macro   0x00019a13      0x184 ./Core/Src/ILI9341.o
 .debug_macro   0x00019b97       0x2a ./Core/Src/ILI9341.o
 .debug_macro   0x00019bc1       0x61 ./Core/Src/ILI9341.o
 .debug_macro   0x00019c22       0x43 ./Core/Src/ILI9341.o
 .debug_macro   0x00019c65       0x34 ./Core/Src/ILI9341.o
 .debug_macro   0x00019c99       0x16 ./Core/Src/ILI9341.o
 .debug_macro   0x00019caf       0x35 ./Core/Src/ILI9341.o
 .debug_macro   0x00019ce4       0x16 ./Core/Src/ILI9341.o
 .debug_macro   0x00019cfa       0x43 ./Core/Src/ILI9341.o
 .debug_macro   0x00019d3d       0x34 ./Core/Src/ILI9341.o
 .debug_macro   0x00019d71       0x10 ./Core/Src/ILI9341.o
 .debug_macro   0x00019d81       0x58 ./Core/Src/ILI9341.o
 .debug_macro   0x00019dd9       0x8e ./Core/Src/ILI9341.o
 .debug_macro   0x00019e67       0x1c ./Core/Src/ILI9341.o
 .debug_macro   0x00019e83      0x177 ./Core/Src/ILI9341.o
 .debug_macro   0x00019ffa      0x369 ./Core/Src/ILI9341.o
 .debug_macro   0x0001a363       0x16 ./Core/Src/ILI9341.o
 .debug_macro   0x0001a379       0x29 ./Core/Src/ILI9341.o
 .debug_macro   0x0001a3a2      0x19b ./Core/Src/ILI9341.o
 .debug_macro   0x0001a53d       0x16 ./Core/Src/ILI9341.o
 .debug_macro   0x0001a553       0x20 ./Core/Src/ILI9341.o
 .debug_macro   0x0001a573       0x1c ./Core/Src/ILI9341.o
 .debug_macro   0x0001a58f       0x10 ./Core/Src/ILI9341.o
 .debug_macro   0x0001a59f       0x1c ./Core/Src/ILI9341.o
 .debug_macro   0x0001a5bb       0x16 ./Core/Src/ILI9341.o
 .debug_macro   0x0001a5d1      0x146 ./Core/Src/ILI9341.o
 .debug_macro   0x0001a717      0x1f7 ./Core/Src/MTCH6102.o
 .debug_macro   0x0001a90e      0x100 ./Core/Src/MTCH6102.o
 .debug_macro   0x0001aa0e      0x1a0 ./Core/Src/arm_cfft_f32.o
 .debug_macro   0x0001abae       0x12 ./Core/Src/arm_cfft_f32.o
 .debug_macro   0x0001abc0       0x10 ./Core/Src/arm_cfft_f32.o
 .debug_macro   0x0001abd0       0xd6 ./Core/Src/arm_cfft_f32.o
 .debug_macro   0x0001aca6       0x76 ./Core/Src/arm_cfft_f32.o
 .debug_macro   0x0001ad1c      0x18d ./Core/Src/arm_cfft_radix8_f32.o
 .debug_macro   0x0001aea9      0x18d ./Core/Src/arm_cmplx_mag_f32.o
 .debug_macro   0x0001b036      0x1a0 ./Core/Src/arm_common_tables.o
 .debug_macro   0x0001b1d6      0x18d ./Core/Src/arm_rfft_fast_f32.o
 .debug_macro   0x0001b363      0x1a0 ./Core/Src/arm_rfft_fast_init_f32.o
 .debug_macro   0x0001b503      0x1b3 ./Core/Src/code_tree.o
 .debug_macro   0x0001b6b6       0x16 ./Core/Src/code_tree.o
 .debug_macro   0x0001b6cc       0x9e ./Core/Src/code_tree.o
 .debug_macro   0x0001b76a      0x10b ./Core/Src/code_tree.o
 .debug_macro   0x0001b875       0x16 ./Core/Src/code_tree.o
 .debug_macro   0x0001b88b       0x16 ./Core/Src/code_tree.o
 .debug_macro   0x0001b8a1      0x38e ./Core/Src/main.o
 .debug_macro   0x0001bc2f       0x8e ./Core/Src/main.o
 .debug_macro   0x0001bcbd      0x106 ./Core/Src/main.o
 .debug_macro   0x0001bdc3      0x1ee ./Core/Src/stm32f3xx_hal_msp.o
 .debug_macro   0x0001bfb1      0x3bc ./Core/Src/stm32f3xx_it.o
 .debug_macro   0x0001c36d       0xff ./Core/Src/sysmem.o
 .debug_macro   0x0001c46c      0x23c ./Core/Src/sysmem.o
 .debug_macro   0x0001c6a8      0x1df ./Core/Src/system_stm32f3xx.o
 .debug_macro   0x0001c887      0x203 ./Drivers/STM32F3xx_HAL_Driver/Src/stm32f3xx_hal.o
 .debug_macro   0x0001ca8a      0x1df ./Drivers/STM32F3xx_HAL_Driver/Src/stm32f3xx_hal_cortex.o
 .debug_macro   0x0001cc69      0x1df ./Drivers/STM32F3xx_HAL_Driver/Src/stm32f3xx_hal_dma.o
 .debug_macro   0x0001ce48      0x1e6 ./Drivers/STM32F3xx_HAL_Driver/Src/stm32f3xx_hal_gpio.o
 .debug_macro   0x0001d02e      0x2ab ./Drivers/STM32F3xx_HAL_Driver/Src/stm32f3xx_hal_i2c.o
 .debug_macro   0x0001d2d9      0x1df ./Drivers/STM32F3xx_HAL_Driver/Src/stm32f3xx_hal_i2c_ex.o
 .debug_macro   0x0001d4b8      0x1e7 ./Drivers/STM32F3xx_HAL_Driver/Src/stm32f3xx_hal_i2s.o
 .debug_macro   0x0001d69f      0x1df ./Drivers/STM32F3xx_HAL_Driver/Src/stm32f3xx_hal_i2s_ex.o
 .debug_macro   0x0001d87e      0x203 ./Drivers/STM32F3xx_HAL_Driver/Src/stm32f3xx_hal_rcc.o
 .debug_macro   0x0001da81      0x1df ./Drivers/STM32F3xx_HAL_Driver/Src/stm32f3xx_hal_rcc_ex.o
 .debug_macro   0x0001dc60      0x1e7 ./Drivers/STM32F3xx_HAL_Driver/Src/stm32f3xx_hal_spi.o
 .debug_macro   0x0001de47      0x1e0 ./Drivers/STM32F3xx_HAL_Driver/Src/stm32f3xx_hal_tim.o
 .debug_macro   0x0001e027      0x1df ./Drivers/STM32F3xx_HAL_Driver/Src/stm32f3xx_hal_tim_ex.o

.debug_line     0x00000000    0x1cb03
 .debug_line    0x00000000     0x170a ./Core/Src/ILI9341.o
 .debug_line    0x0000170a      0x8eb ./Core/Src/MTCH6102.o
 .debug_line    0x00001ff5       0x89 ./Core/Src/arm_bitreversal2.o
 .debug_line    0x0000207e     0x1371 ./Core/Src/arm_cfft_f32.o
 .debug_line    0x000033ef      0xe36 ./Core/Src/arm_cfft_radix8_f32.o
 .debug_line    0x00004225      0x6c0 ./Core/Src/arm_cmplx_mag_f32.o
 .debug_line    0x000048e5      0x60e ./Core/Src/arm_common_tables.o
 .debug_line    0x00004ef3      0x7d8 ./Core/Src/arm_rfft_fast_f32.o
 .debug_line    0x000056cb      0x65b ./Core/Src/arm_rfft_fast_init_f32.o
 .debug_line    0x00005d26      0x7bb ./Core/Src/code_tree.o
 .debug_line    0x000064e1      0xbea ./Core/Src/main.o
 .debug_line    0x000070cb      0x927 ./Core/Src/stm32f3xx_hal_msp.o
 .debug_line    0x000079f2      0xde1 ./Core/Src/stm32f3xx_it.o
 .debug_line    0x000087d3      0x583 ./Core/Src/sysmem.o
 .debug_line    0x00008d56      0x813 ./Core/Src/system_stm32f3xx.o
 .debug_line    0x00009569       0x7a ./Core/Startup/startup_stm32f302r8tx.o
 .debug_line    0x000095e3      0xa4b ./Drivers/STM32F3xx_HAL_Driver/Src/stm32f3xx_hal.o
 .debug_line    0x0000a02e      0xc31 ./Drivers/STM32F3xx_HAL_Driver/Src/stm32f3xx_hal_cortex.o
 .debug_line    0x0000ac5f      0xd35 ./Drivers/STM32F3xx_HAL_Driver/Src/stm32f3xx_hal_dma.o
 .debug_line    0x0000b994      0xbae ./Drivers/STM32F3xx_HAL_Driver/Src/stm32f3xx_hal_gpio.o
 .debug_line    0x0000c542     0x3ac2 ./Drivers/STM32F3xx_HAL_Driver/Src/stm32f3xx_hal_i2c.o
 .debug_line    0x00010004      0x9b7 ./Drivers/STM32F3xx_HAL_Driver/Src/stm32f3xx_hal_i2c_ex.o
 .debug_line    0x000109bb     0x1497 ./Drivers/STM32F3xx_HAL_Driver/Src/stm32f3xx_hal_i2s.o
 .debug_line    0x00011e52     0x14b0 ./Drivers/STM32F3xx_HAL_Driver/Src/stm32f3xx_hal_i2s_ex.o
 .debug_line    0x00013302     0x13df ./Drivers/STM32F3xx_HAL_Driver/Src/stm32f3xx_hal_rcc.o
 .debug_line    0x000146e1      0xc7f ./Drivers/STM32F3xx_HAL_Driver/Src/stm32f3xx_hal_rcc_ex.o
 .debug_line    0x00015360     0x2042 ./Drivers/STM32F3xx_HAL_Driver/Src/stm32f3xx_hal_spi.o
 .debug_line    0x000173a2     0x3cdd ./Drivers/STM32F3xx_HAL_Driver/Src/stm32f3xx_hal_tim.o
 .debug_line    0x0001b07f     0x1a84 ./Drivers/STM32F3xx_HAL_Driver/Src/stm32f3xx_hal_tim_ex.o

.debug_str      0x00000000    0xa9cd3
 .debug_str     0x00000000    0xa35b7 ./Core/Src/ILI9341.o
                              0xa38fe (size before relaxing)
 .debug_str     0x000a35b7      0x7b0 ./Core/Src/MTCH6102.o
                              0x9ecc5 (size before relaxing)
 .debug_str     0x000a3d67       0x2d ./Core/Src/arm_bitreversal2.o
                                 0x76 (size before relaxing)
 .debug_str     0x000a3d94      0xb08 ./Core/Src/arm_cfft_f32.o
                               0x8ec5 (size before relaxing)
 .debug_str     0x000a489c       0x39 ./Core/Src/arm_cfft_radix8_f32.o
                               0x8984 (size before relaxing)
 .debug_str     0x000a48d5      0x102 ./Core/Src/arm_cmplx_mag_f32.o
                               0x8a19 (size before relaxing)
 .debug_str     0x000a49d7      0x238 ./Core/Src/arm_common_tables.o
                               0x8f82 (size before relaxing)
 .debug_str     0x000a4c0f       0x8f ./Core/Src/arm_rfft_fast_f32.o
                               0x8a22 (size before relaxing)
 .debug_str     0x000a4c9e       0x3c ./Core/Src/arm_rfft_fast_init_f32.o
                               0x8f16 (size before relaxing)
 .debug_str     0x000a4cda      0x124 ./Core/Src/code_tree.o
                               0x7a5f (size before relaxing)
 .debug_str     0x000a4dfe      0xd92 ./Core/Src/main.o
                              0xa5414 (size before relaxing)
 .debug_str     0x000a5b90      0x117 ./Core/Src/stm32f3xx_hal_msp.o
                              0x9f430 (size before relaxing)
 .debug_str     0x000a5ca7      0x2ce ./Core/Src/stm32f3xx_it.o
                              0xa4e2b (size before relaxing)
 .debug_str     0x000a5f75      0x4dc ./Core/Src/sysmem.o
                               0x60fa (size before relaxing)
 .debug_str     0x000a6451       0xe9 ./Core/Src/system_stm32f3xx.o
                              0x9e32d (size before relaxing)
 .debug_str     0x000a653a       0x36 ./Core/Startup/startup_stm32f302r8tx.o
                                 0x8d (size before relaxing)
 .debug_str     0x000a6570      0x38d ./Drivers/STM32F3xx_HAL_Driver/Src/stm32f3xx_hal.o
                              0x9ea87 (size before relaxing)
 .debug_str     0x000a68fd      0x236 ./Drivers/STM32F3xx_HAL_Driver/Src/stm32f3xx_hal_cortex.o
                              0x9e9ac (size before relaxing)
 .debug_str     0x000a6b33      0x219 ./Drivers/STM32F3xx_HAL_Driver/Src/stm32f3xx_hal_dma.o
                              0x9e675 (size before relaxing)
 .debug_str     0x000a6d4c      0x10b ./Drivers/STM32F3xx_HAL_Driver/Src/stm32f3xx_hal_gpio.o
                              0x9e4a3 (size before relaxing)
 .debug_str     0x000a6e57      0xe15 ./Drivers/STM32F3xx_HAL_Driver/Src/stm32f3xx_hal_i2c.o
                              0x9f62d (size before relaxing)
 .debug_str     0x000a7c6c       0xb8 ./Drivers/STM32F3xx_HAL_Driver/Src/stm32f3xx_hal_i2c_ex.o
                              0x9e82d (size before relaxing)
 .debug_str     0x000a7d24      0x272 ./Drivers/STM32F3xx_HAL_Driver/Src/stm32f3xx_hal_i2s.o
                              0x9ea80 (size before relaxing)
 .debug_str     0x000a7f96      0x1d1 ./Drivers/STM32F3xx_HAL_Driver/Src/stm32f3xx_hal_i2s_ex.o
                              0x9e83f (size before relaxing)
 .debug_str     0x000a8167      0x2ae ./Drivers/STM32F3xx_HAL_Driver/Src/stm32f3xx_hal_rcc.o
                              0x9e7cd (size before relaxing)
 .debug_str     0x000a8415       0xbe ./Drivers/STM32F3xx_HAL_Driver/Src/stm32f3xx_hal_rcc_ex.o
                              0x9e551 (size before relaxing)
 .debug_str     0x000a84d3      0x527 ./Drivers/STM32F3xx_HAL_Driver/Src/stm32f3xx_hal_spi.o
                              0x9ec53 (size before relaxing)
 .debug_str     0x000a89fa      0xdfd ./Drivers/STM32F3xx_HAL_Driver/Src/stm32f3xx_hal_tim.o
                              0x9f764 (size before relaxing)
 .debug_str     0x000a97f7      0x4dc ./Drivers/STM32F3xx_HAL_Driver/Src/stm32f3xx_hal_tim_ex.o
                              0x9efaa (size before relaxing)

.comment        0x00000000       0x43
 .comment       0x00000000       0x43 ./Core/Src/ILI9341.o
                                 0x44 (size before relaxing)
 .comment       0x00000043       0x44 ./Core/Src/MTCH6102.o
 .comment       0x00000043       0x44 ./Core/Src/arm_cfft_f32.o
 .comment       0x00000043       0x44 ./Core/Src/arm_cfft_radix8_f32.o
 .comment       0x00000043       0x44 ./Core/Src/arm_cmplx_mag_f32.o
 .comment       0x00000043       0x44 ./Core/Src/arm_common_tables.o
 .comment       0x00000043       0x44 ./Core/Src/arm_rfft_fast_f32.o
 .comment       0x00000043       0x44 ./Core/Src/arm_rfft_fast_init_f32.o
 .comment       0x00000043       0x44 ./Core/Src/code_tree.o
 .comment       0x00000043       0x44 ./Core/Src/main.o
 .comment       0x00000043       0x44 ./Core/Src/stm32f3xx_hal_msp.o
 .comment       0x00000043       0x44 ./Core/Src/stm32f3xx_it.o
 .comment       0x00000043       0x44 ./Core/Src/sysmem.o
 .comment       0x00000043       0x44 ./Core/Src/system_stm32f3xx.o
 .comment       0x00000043       0x44 ./Drivers/STM32F3xx_HAL_Driver/Src/stm32f3xx_hal.o
 .comment       0x00000043       0x44 ./Drivers/STM32F3xx_HAL_Driver/Src/stm32f3xx_hal_cortex.o
 .comment       0x00000043       0x44 ./Drivers/STM32F3xx_HAL_Driver/Src/stm32f3xx_hal_dma.o
 .comment       0x00000043       0x44 ./Drivers/STM32F3xx_HAL_Driver/Src/stm32f3xx_hal_gpio.o
 .comment       0x00000043       0x44 ./Drivers/STM32F3xx_HAL_Driver/Src/stm32f3xx_hal_i2c.o
 .comment       0x00000043       0x44 ./Drivers/STM32F3xx_HAL_Driver/Src/stm32f3xx_hal_i2c_ex.o
 .comment       0x00000043       0x44 ./Drivers/STM32F3xx_HAL_Driver/Src/stm32f3xx_hal_i2s.o
 .comment       0x00000043       0x44 ./Drivers/STM32F3xx_HAL_Driver/Src/stm32f3xx_hal_i2s_ex.o
 .comment       0x00000043       0x44 ./Drivers/STM32F3xx_HAL_Driver/Src/stm32f3xx_hal_rcc.o
 .comment       0x00000043       0x44 ./Drivers/STM32F3xx_HAL_Driver/Src/stm32f3xx_hal_rcc_ex.o
 .comment       0x00000043       0x44 ./Drivers/STM32F3xx_HAL_Driver/Src/stm32f3xx_hal_spi.o
 .comment       0x00000043       0x44 ./Drivers/STM32F3xx_HAL_Driver/Src/stm32f3xx_hal_tim.o
 .comment       0x00000043       0x44 ./Drivers/STM32F3xx_HAL_Driver/Src/stm32f3xx_hal_tim_ex.o

.debug_frame    0x00000000     0x5490
 .debug_frame   0x00000000      0x2cc ./Core/Src/ILI9341.o
 .debug_frame   0x000002cc      0x140 ./Core/Src/MTCH6102.o
 .debug_frame   0x0000040c       0x84 ./Core/Src/arm_cfft_f32.o
 .debug_frame   0x00000490       0x38 ./Core/Src/arm_cfft_radix8_f32.o
 .debug_frame   0x000004c8       0x58 ./Core/Src/arm_cmplx_mag_f32.o
 .debug_frame   0x00000520       0x84 ./Core/Src/arm_rfft_fast_f32.o
 .debug_frame   0x000005a4       0x38 ./Core/Src/arm_rfft_fast_init_f32.o
 .debug_frame   0x000005dc       0xe8 ./Core/Src/code_tree.o
 .debug_frame   0x000006c4      0x150 ./Core/Src/main.o
 .debug_frame   0x00000814      0x158 ./Core/Src/stm32f3xx_hal_msp.o
 .debug_frame   0x0000096c      0x218 ./Core/Src/stm32f3xx_it.o
 .debug_frame   0x00000b84       0x34 ./Core/Src/sysmem.o
 .debug_frame   0x00000bb8       0x58 ./Core/Src/system_stm32f3xx.o
 .debug_frame   0x00000c10      0x334 ./Drivers/STM32F3xx_HAL_Driver/Src/stm32f3xx_hal.o
 .debug_frame   0x00000f44      0x428 ./Drivers/STM32F3xx_HAL_Driver/Src/stm32f3xx_hal_cortex.o
 .debug_frame   0x0000136c      0x224 ./Drivers/STM32F3xx_HAL_Driver/Src/stm32f3xx_hal_dma.o
 .debug_frame   0x00001590      0x14c ./Drivers/STM32F3xx_HAL_Driver/Src/stm32f3xx_hal_gpio.o
 .debug_frame   0x000016dc      0xc38 ./Drivers/STM32F3xx_HAL_Driver/Src/stm32f3xx_hal_i2c.o
 .debug_frame   0x00002314      0x100 ./Drivers/STM32F3xx_HAL_Driver/Src/stm32f3xx_hal_i2c_ex.o
 .debug_frame   0x00002414      0x484 ./Drivers/STM32F3xx_HAL_Driver/Src/stm32f3xx_hal_i2s.o